SEGGER_RTT.c:301:13:_DoInit	16	static,ignoring_inline_asm
SEGGER_RTT.c:359:17:_WriteBlocking	48	static,ignoring_inline_asm
SEGGER_RTT.c:421:13:_WriteNoCheck	40	static,ignoring_inline_asm
SEGGER_RTT.c:489:13:_PostTerminalSwitch	24	static
SEGGER_RTT.c:511:17:_GetAvailWriteSpace	32	static
SEGGER_RTT.c:558:10:SEGGER_RTT_ReadUpBufferNoLock	56	static
SEGGER_RTT.c:650:10:SEGGER_RTT_ReadNoLock	56	static
SEGGER_RTT.c:747:10:SEGGER_RTT_ReadUpBuffer	32	static,ignoring_inline_asm
SEGGER_RTT.c:779:10:SEGGER_RTT_Read	32	static,ignoring_inline_asm
SEGGER_RTT.c:818:6:SEGGER_RTT_WriteWithOverwriteNoLock	40	static,ignoring_inline_asm
SEGGER_RTT.c:1009:10:SEGGER_RTT_WriteDownBufferNoLock	40	static
SEGGER_RTT.c:1084:10:SEGGER_RTT_WriteNoLock	40	static
SEGGER_RTT.c:1160:10:SEGGER_RTT_WriteDownBuffer	40	static,ignoring_inline_asm
SEGGER_RTT.c:1189:10:SEGGER_RTT_Write	40	static,ignoring_inline_asm
SEGGER_RTT.c:1219:10:SEGGER_RTT_WriteString	24	static
SEGGER_RTT.c:1249:10:SEGGER_RTT_PutCharSkipNoLock	32	static,ignoring_inline_asm
SEGGER_RTT.c:1299:10:SEGGER_RTT_PutCharSkip	40	static,ignoring_inline_asm
SEGGER_RTT.c:1358:10:SEGGER_RTT_PutChar	40	static,ignoring_inline_asm
SEGGER_RTT.c:1421:5:SEGGER_RTT_GetKey	16	static
SEGGER_RTT.c:1449:5:SEGGER_RTT_WaitKey	16	static
SEGGER_RTT.c:1472:5:SEGGER_RTT_HasKey	24	static
SEGGER_RTT.c:1500:10:SEGGER_RTT_HasData	24	static
SEGGER_RTT.c:1521:10:SEGGER_RTT_HasDataUp	24	static
SEGGER_RTT.c:1549:5:SEGGER_RTT_AllocDownBuffer	40	static,ignoring_inline_asm
SEGGER_RTT.c:1597:5:SEGGER_RTT_AllocUpBuffer	40	static,ignoring_inline_asm
SEGGER_RTT.c:1651:5:SEGGER_RTT_ConfigUpBuffer	40	static,ignoring_inline_asm
SEGGER_RTT.c:1700:5:SEGGER_RTT_ConfigDownBuffer	40	static,ignoring_inline_asm
SEGGER_RTT.c:1741:5:SEGGER_RTT_SetNameUpBuffer	32	static,ignoring_inline_asm
SEGGER_RTT.c:1774:5:SEGGER_RTT_SetNameDownBuffer	32	static,ignoring_inline_asm
SEGGER_RTT.c:1807:5:SEGGER_RTT_SetFlagsUpBuffer	32	static,ignoring_inline_asm
SEGGER_RTT.c:1840:5:SEGGER_RTT_SetFlagsDownBuffer	32	static,ignoring_inline_asm
SEGGER_RTT.c:1866:6:SEGGER_RTT_Init	8	static
SEGGER_RTT.c:1887:5:SEGGER_RTT_SetTerminal	40	static,ignoring_inline_asm
SEGGER_RTT.c:1936:5:SEGGER_RTT_TerminalOut	40	static,ignoring_inline_asm
SEGGER_RTT.c:2024:10:SEGGER_RTT_GetAvailWriteSpace	24	static
SEGGER_RTT.c:2045:10:SEGGER_RTT_GetBytesInBuffer	32	static
