Archive member included to satisfy reference by file (symbol)

/home/hari/.eclipse/com.st.stm32cube.ide.mcu.rcp.product_1.5.1_1935173079_linux_gtk_x86_64/plugins/com.st.stm32cube.ide.mcu.externaltools.gnu-tools-for-stm32.9-2020-q2-update.linux64_1.5.0.202011040924/tools/bin/../lib/gcc/arm-none-eabi/9.3.1/../../../../arm-none-eabi/lib/thumb/v7e-m+fp/hard/libc_nano.a(lib_a-errno.o)
                              Core/Src/syscalls.o (__errno)
/home/hari/.eclipse/com.st.stm32cube.ide.mcu.rcp.product_1.5.1_1935173079_linux_gtk_x86_64/plugins/com.st.stm32cube.ide.mcu.externaltools.gnu-tools-for-stm32.9-2020-q2-update.linux64_1.5.0.202011040924/tools/bin/../lib/gcc/arm-none-eabi/9.3.1/../../../../arm-none-eabi/lib/thumb/v7e-m+fp/hard/libc_nano.a(lib_a-exit.o)
                              /home/hari/.eclipse/com.st.stm32cube.ide.mcu.rcp.product_1.5.1_1935173079_linux_gtk_x86_64/plugins/com.st.stm32cube.ide.mcu.externaltools.gnu-tools-for-stm32.9-2020-q2-update.linux64_1.5.0.202011040924/tools/bin/../lib/gcc/arm-none-eabi/9.3.1/../../../../arm-none-eabi/lib/thumb/v7e-m+fp/hard/crt0.o (exit)
/home/hari/.eclipse/com.st.stm32cube.ide.mcu.rcp.product_1.5.1_1935173079_linux_gtk_x86_64/plugins/com.st.stm32cube.ide.mcu.externaltools.gnu-tools-for-stm32.9-2020-q2-update.linux64_1.5.0.202011040924/tools/bin/../lib/gcc/arm-none-eabi/9.3.1/../../../../arm-none-eabi/lib/thumb/v7e-m+fp/hard/libc_nano.a(lib_a-impure.o)
                              /home/hari/.eclipse/com.st.stm32cube.ide.mcu.rcp.product_1.5.1_1935173079_linux_gtk_x86_64/plugins/com.st.stm32cube.ide.mcu.externaltools.gnu-tools-for-stm32.9-2020-q2-update.linux64_1.5.0.202011040924/tools/bin/../lib/gcc/arm-none-eabi/9.3.1/../../../../arm-none-eabi/lib/thumb/v7e-m+fp/hard/libc_nano.a(lib_a-exit.o) (_global_impure_ptr)
/home/hari/.eclipse/com.st.stm32cube.ide.mcu.rcp.product_1.5.1_1935173079_linux_gtk_x86_64/plugins/com.st.stm32cube.ide.mcu.externaltools.gnu-tools-for-stm32.9-2020-q2-update.linux64_1.5.0.202011040924/tools/bin/../lib/gcc/arm-none-eabi/9.3.1/../../../../arm-none-eabi/lib/thumb/v7e-m+fp/hard/libc_nano.a(lib_a-init.o)
                              /home/hari/.eclipse/com.st.stm32cube.ide.mcu.rcp.product_1.5.1_1935173079_linux_gtk_x86_64/plugins/com.st.stm32cube.ide.mcu.externaltools.gnu-tools-for-stm32.9-2020-q2-update.linux64_1.5.0.202011040924/tools/bin/../lib/gcc/arm-none-eabi/9.3.1/../../../../arm-none-eabi/lib/thumb/v7e-m+fp/hard/crt0.o (__libc_init_array)
/home/hari/.eclipse/com.st.stm32cube.ide.mcu.rcp.product_1.5.1_1935173079_linux_gtk_x86_64/plugins/com.st.stm32cube.ide.mcu.externaltools.gnu-tools-for-stm32.9-2020-q2-update.linux64_1.5.0.202011040924/tools/bin/../lib/gcc/arm-none-eabi/9.3.1/../../../../arm-none-eabi/lib/thumb/v7e-m+fp/hard/libc_nano.a(lib_a-memcmp.o)
                              ThirdParty/SEGGER/OS/SEGGER_SYSVIEW_FreeRTOS.o (memcmp)
/home/hari/.eclipse/com.st.stm32cube.ide.mcu.rcp.product_1.5.1_1935173079_linux_gtk_x86_64/plugins/com.st.stm32cube.ide.mcu.externaltools.gnu-tools-for-stm32.9-2020-q2-update.linux64_1.5.0.202011040924/tools/bin/../lib/gcc/arm-none-eabi/9.3.1/../../../../arm-none-eabi/lib/thumb/v7e-m+fp/hard/libc_nano.a(lib_a-memcpy-stub.o)
                              ThirdParty/FreeRTOS/queue.o (memcpy)
/home/hari/.eclipse/com.st.stm32cube.ide.mcu.rcp.product_1.5.1_1935173079_linux_gtk_x86_64/plugins/com.st.stm32cube.ide.mcu.externaltools.gnu-tools-for-stm32.9-2020-q2-update.linux64_1.5.0.202011040924/tools/bin/../lib/gcc/arm-none-eabi/9.3.1/../../../../arm-none-eabi/lib/thumb/v7e-m+fp/hard/libc_nano.a(lib_a-memset.o)
                              /home/hari/.eclipse/com.st.stm32cube.ide.mcu.rcp.product_1.5.1_1935173079_linux_gtk_x86_64/plugins/com.st.stm32cube.ide.mcu.externaltools.gnu-tools-for-stm32.9-2020-q2-update.linux64_1.5.0.202011040924/tools/bin/../lib/gcc/arm-none-eabi/9.3.1/../../../../arm-none-eabi/lib/thumb/v7e-m+fp/hard/crt0.o (memset)
/home/hari/.eclipse/com.st.stm32cube.ide.mcu.rcp.product_1.5.1_1935173079_linux_gtk_x86_64/plugins/com.st.stm32cube.ide.mcu.externaltools.gnu-tools-for-stm32.9-2020-q2-update.linux64_1.5.0.202011040924/tools/bin/../lib/gcc/arm-none-eabi/9.3.1/../../../../arm-none-eabi/lib/thumb/v7e-m+fp/hard/libc_nano.a(lib_a-strlen.o)
                              Core/Src/main.o (strlen)
/home/hari/.eclipse/com.st.stm32cube.ide.mcu.rcp.product_1.5.1_1935173079_linux_gtk_x86_64/plugins/com.st.stm32cube.ide.mcu.externaltools.gnu-tools-for-stm32.9-2020-q2-update.linux64_1.5.0.202011040924/tools/bin/../lib/gcc/arm-none-eabi/9.3.1/../../../../arm-none-eabi/lib/thumb/v7e-m+fp/hard/libc_nano.a(lib_a-vsprintf.o)
                              Core/Src/main.o (vsprintf)
[...]
Memory Configuration

Name             Origin             Length             Attributes
RAM              0x0000000020000000 0x0000000000020000 xrw
FLASH            0x0000000008000000 0x0000000000080000 xr
*default*        0x0000000000000000 0xffffffffffffffff

Linker script and memory map

LOAD /home/hari/.eclipse/com.st.stm32cube.ide.mcu.rcp.product_1.5.1_1935173079_linux_gtk_x86_64/plugins/com.st.stm32cube.ide.mcu.externaltools.gnu-tools-for-stm32.9-2020-q2-update.linux64_1.5.0.202011040924/tools/bin/../lib/gcc/arm-none-eabi/9.3.1/thumb/v7e-m+fp/hard/crti.o
LOAD /home/hari/.eclipse/com.st.stm32cube.ide.mcu.rcp.product_1.5.1_1935173079_linux_gtk_x86_64/plugins/com.st.stm32cube.ide.mcu.externaltools.gnu-tools-for-stm32.9-2020-q2-update.linux64_1.5.0.202011040924/tools/bin/../lib/gcc/arm-none-eabi/9.3.1/thumb/v7e-m+fp/hard/crtbegin.o
LOAD /home/hari/.eclipse/com.st.stm32cube.ide.mcu.rcp.product_1.5.1_1935173079_linux_gtk_x86_64/plugins/com.st.stm32cube.ide.mcu.externaltools.gnu-tools-for-stm32.9-2020-q2-update.linux64_1.5.0.202011040924/tools/bin/../lib/gcc/arm-none-eabi/9.3.1/../../../../arm-none-eabi/lib/thumb/v7e-m+fp/hard/crt0.o
LOAD Core/Src/main.o
LOAD Core/Src/stm32f4xx_hal_msp.o
LOAD Core/Src/stm32f4xx_hal_timebase_tim.o
LOAD Core/Src/stm32f4xx_it.o
LOAD Core/Src/syscalls.o
LOAD Core/Src/system_stm32f4xx.o
LOAD Core/Startup/startup_stm32f411ceux.o
LOAD Drivers/STM32F4xx_HAL_Driver/Src/stm32f4xx_hal.o
LOAD Drivers/STM32F4xx_HAL_Driver/Src/stm32f4xx_hal_cortex.o
LOAD Drivers/STM32F4xx_HAL_Driver/Src/stm32f4xx_hal_dma.o
LOAD Drivers/STM32F4xx_HAL_Driver/Src/stm32f4xx_hal_dma_ex.o
LOAD Drivers/STM32F4xx_HAL_Driver/Src/stm32f4xx_hal_exti.o
LOAD Drivers/STM32F4xx_HAL_Driver/Src/stm32f4xx_hal_flash.o
LOAD Drivers/STM32F4xx_HAL_Driver/Src/stm32f4xx_hal_flash_ex.o
LOAD Drivers/STM32F4xx_HAL_Driver/Src/stm32f4xx_hal_flash_ramfunc.o
LOAD Drivers/STM32F4xx_HAL_Driver/Src/stm32f4xx_hal_gpio.o
LOAD Drivers/STM32F4xx_HAL_Driver/Src/stm32f4xx_hal_pwr.o
LOAD Drivers/STM32F4xx_HAL_Driver/Src/stm32f4xx_hal_pwr_ex.o
LOAD Drivers/STM32F4xx_HAL_Driver/Src/stm32f4xx_hal_rcc.o
LOAD Drivers/STM32F4xx_HAL_Driver/Src/stm32f4xx_hal_rcc_ex.o
LOAD Drivers/STM32F4xx_HAL_Driver/Src/stm32f4xx_hal_tim.o
LOAD Drivers/STM32F4xx_HAL_Driver/Src/stm32f4xx_hal_tim_ex.o
LOAD Drivers/STM32F4xx_HAL_Driver/Src/stm32f4xx_hal_uart.o
LOAD ThirdParty/FreeRTOS/croutine.o
LOAD ThirdParty/FreeRTOS/event_groups.o
LOAD ThirdParty/FreeRTOS/list.o
LOAD ThirdParty/FreeRTOS/queue.o
LOAD ThirdParty/FreeRTOS/stream_buffer.o
LOAD ThirdParty/FreeRTOS/tasks.o
LOAD ThirdParty/FreeRTOS/timers.o
LOAD ThirdParty/FreeRTOS/portable/GCC/ARM_CM4F/port.o
LOAD ThirdParty/FreeRTOS/portable/MemMang/heap_4.o
LOAD ThirdParty/SEGGER/Config/SEGGER_SYSVIEW_Config_FreeRTOS.o
LOAD ThirdParty/SEGGER/OS/SEGGER_SYSVIEW_FreeRTOS.o
LOAD ThirdParty/SEGGER/SEGGER/SEGGER_RTT.o
LOAD ThirdParty/SEGGER/SEGGER/SEGGER_RTT_ASM_ARMv7M.o
LOAD ThirdParty/SEGGER/SEGGER/SEGGER_RTT_printf.o
LOAD ThirdParty/SEGGER/SEGGER/SEGGER_SYSVIEW.o
LOAD ThirdParty/SEGGER/SEGGER/Syscalls/SEGGER_RTT_Syscalls_GCC.o
START GROUP
LOAD /home/hari/.eclipse/com.st.stm32cube.ide.mcu.rcp.product_1.5.1_1935173079_linux_gtk_x86_64/plugins/com.st.stm32cube.ide.mcu.externaltools.gnu-tools-for-stm32.9-2020-q2-update.linux64_1.5.0.202011040924/tools/bin/../lib/gcc/arm-none-eabi/9.3.1/../../../../arm-none-eabi/lib/thumb/v7e-m+fp/hard/libc_nano.a
LOAD /home/hari/.eclipse/com.st.stm32cube.ide.mcu.rcp.product_1.5.1_1935173079_linux_gtk_x86_64/plugins/com.st.stm32cube.ide.mcu.externaltools.gnu-tools-for-stm32.9-2020-q2-update.linux64_1.5.0.202011040924/tools/bin/../lib/gcc/arm-none-eabi/9.3.1/../../../../arm-none-eabi/lib/thumb/v7e-m+fp/hard/libm.a
END GROUP
START GROUP
LOAD /home/hari/.eclipse/com.st.stm32cube.ide.mcu.rcp.product_1.5.1_1935173079_linux_gtk_x86_64/plugins/com.st.stm32cube.ide.mcu.externaltools.gnu-tools-for-stm32.9-2020-q2-update.linux64_1.5.0.202011040924/tools/bin/../lib/gcc/arm-none-eabi/9.3.1/thumb/v7e-m+fp/hard/libgcc.a
LOAD /home/hari/.eclipse/com.st.stm32cube.ide.mcu.rcp.product_1.5.1_1935173079_linux_gtk_x86_64/plugins/com.st.stm32cube.ide.mcu.externaltools.gnu-tools-for-stm32.9-2020-q2-update.linux64_1.5.0.202011040924/tools/bin/../lib/gcc/arm-none-eabi/9.3.1/../../../../arm-none-eabi/lib/thumb/v7e-m+fp/hard/libc_nano.a
END GROUP
START GROUP
LOAD /home/hari/.eclipse/com.st.stm32cube.ide.mcu.rcp.product_1.5.1_1935173079_linux_gtk_x86_64/plugins/com.st.stm32cube.ide.mcu.externaltools.gnu-tools-for-stm32.9-2020-q2-update.linux64_1.5.0.202011040924/tools/bin/../lib/gcc/arm-none-eabi/9.3.1/thumb/v7e-m+fp/hard/libgcc.a
LOAD /home/hari/.eclipse/com.st.stm32cube.ide.mcu.rcp.product_1.5.1_1935173079_linux_gtk_x86_64/plugins/com.st.stm32cube.ide.mcu.externaltools.gnu-tools-for-stm32.9-2020-q2-update.linux64_1.5.0.202011040924/tools/bin/../lib/gcc/arm-none-eabi/9.3.1/../../../../arm-none-eabi/lib/thumb/v7e-m+fp/hard/libc_nano.a
LOAD /home/hari/.eclipse/com.st.stm32cube.ide.mcu.rcp.product_1.5.1_1935173079_linux_gtk_x86_64/plugins/com.st.stm32cube.ide.mcu.externaltools.gnu-tools-for-stm32.9-2020-q2-update.linux64_1.5.0.202011040924/tools/bin/../lib/gcc/arm-none-eabi/9.3.1/../../../../arm-none-eabi/lib/thumb/v7e-m+fp/hard/libnosys.a
END GROUP
START GROUP
LOAD /home/hari/.eclipse/com.st.stm32cube.ide.mcu.rcp.product_1.5.1_1935173079_linux_gtk_x86_64/plugins/com.st.stm32cube.ide.mcu.externaltools.gnu-tools-for-stm32.9-2020-q2-update.linux64_1.5.0.202011040924/tools/bin/../lib/gcc/arm-none-eabi/9.3.1/thumb/v7e-m+fp/hard/libgcc.a
LOAD /home/hari/.eclipse/com.st.stm32cube.ide.mcu.rcp.product_1.5.1_1935173079_linux_gtk_x86_64/plugins/com.st.stm32cube.ide.mcu.externaltools.gnu-tools-for-stm32.9-2020-q2-update.linux64_1.5.0.202011040924/tools/bin/../lib/gcc/arm-none-eabi/9.3.1/../../../../arm-none-eabi/lib/thumb/v7e-m+fp/hard/libc_nano.a
LOAD /home/hari/.eclipse/com.st.stm32cube.ide.mcu.rcp.product_1.5.1_1935173079_linux_gtk_x86_64/plugins/com.st.stm32cube.ide.mcu.externaltools.gnu-tools-for-stm32.9-2020-q2-update.linux64_1.5.0.202011040924/tools/bin/../lib/gcc/arm-none-eabi/9.3.1/../../../../arm-none-eabi/lib/thumb/v7e-m+fp/hard/libnosys.a
END GROUP
LOAD /home/hari/.eclipse/com.st.stm32cube.ide.mcu.rcp.product_1.5.1_1935173079_linux_gtk_x86_64/plugins/com.st.stm32cube.ide.mcu.externaltools.gnu-tools-for-stm32.9-2020-q2-update.linux64_1.5.0.202011040924/tools/bin/../lib/gcc/arm-none-eabi/9.3.1/thumb/v7e-m+fp/hard/crtend.o
LOAD /home/hari/.eclipse/com.st.stm32cube.ide.mcu.rcp.product_1.5.1_1935173079_linux_gtk_x86_64/plugins/com.st.stm32cube.ide.mcu.externaltools.gnu-tools-for-stm32.9-2020-q2-update.linux64_1.5.0.202011040924/tools/bin/../lib/gcc/arm-none-eabi/9.3.1/thumb/v7e-m+fp/hard/crtn.o
                0x0000000020020000                _estack = (ORIGIN (RAM) + LENGTH (RAM))
                0x0000000000000200                _Min_Heap_Size = 0x200
                0x0000000000000400                _Min_Stack_Size = 0x400

.isr_vector     0x0000000008000000      0x198
                0x0000000008000000                . = ALIGN (0x4)
 *(.isr_vector)
 .isr_vector    0x0000000008000000      0x198 Core/Startup/startup_stm32f411ceux.o
                0x0000000008000000                g_pfnVectors
                0x0000000008000198                . = ALIGN (0x4)

.text           0x00000000080001a0     0x7014
                0x00000000080001a0                . = ALIGN (0x4)
 *(.text)
 .text          0x00000000080001a0       0x40 /home/hari/.eclipse/com.st.stm32cube.ide.mcu.rcp.product_1.5.1_1935173079_linux_gtk_x86_64/plugins/com.st.stm32cube.ide.mcu.externaltools.gnu-tools-for-stm32.9-2020-q2-update.linux64_1.5.0.202011040924/tools/bin/../lib/gcc/arm-none-eabi/9.3.1/thumb/v7e-m+fp/hard/crtbegin.o
 .text          0x00000000080001e0       0x94 ThirdParty/SEGGER/SEGGER/SEGGER_RTT_ASM_ARMv7M.o
                0x00000000080001e0                SEGGER_RTT_ASM_WriteSkipNoLock
 .text          0x0000000008000274       0x10 /home/hari/.eclipse/com.st.stm32cube.ide.mcu.rcp.product_1.5.1_1935173079_linux_gtk_x86_64/plugins/com.st.stm32cube.ide.mcu.externaltools.gnu-tools-for-stm32.9-2020-q2-update.linux64_1.5.0.202011040924/tools/bin/../lib/gcc/arm-none-eabi/9.3.1/../../../../arm-none-eabi/lib/thumb/v7e-m+fp/hard/libc_nano.a(lib_a-strlen.o)
                0x0000000008000274                strlen
 *fill*         0x0000000008000284        0xc 
 .text          0x0000000008000290       0xa0 /home/hari/.eclipse/com.st.stm32cube.ide.mcu.rcp.product_1.5.1_1935173079_linux_gtk_x86_64/plugins/com.st.stm32cube.ide.mcu.externaltools.gnu-tools-for-stm32.9-2020-q2-update.linux64_1.5.0.202011040924/tools/bin/../lib/gcc/arm-none-eabi/9.3.1/../../../../arm-none-eabi/lib/thumb/v7e-m+fp/hard/libc_nano.a(lib_a-memchr.o)
                0x0000000008000290                memchr
 .text          0x0000000008000330       0x30 /home/hari/.eclipse/com.st.stm32cube.ide.mcu.rcp.product_1.5.1_1935173079_linux_gtk_x86_64/plugins/com.st.stm32cube.ide.mcu.externaltools.gnu-tools-for-stm32.9-2020-q2-update.linux64_1.5.0.202011040924/tools/bin/../lib/gcc/arm-none-eabi/9.3.1/thumb/v7e-m+fp/hard/libgcc.a(_aeabi_uldivmod.o)
                0x0000000008000330                __aeabi_uldivmod
 .text          0x0000000008000360      0x2c4 /home/hari/.eclipse/com.st.stm32cube.ide.mcu.rcp.product_1.5.1_1935173079_linux_gtk_x86_64/plugins/com.st.stm32cube.ide.mcu.externaltools.gnu-tools-for-stm32.9-2020-q2-update.linux64_1.5.0.202011040924/tools/bin/../lib/gcc/arm-none-eabi/9.3.1/thumb/v7e-m+fp/hard/libgcc.a(_udivmoddi4.o)
                0x0000000008000360                __udivmoddi4
 .text          0x0000000008000624        0x4 /home/hari/.eclipse/com.st.stm32cube.ide.mcu.rcp.product_1.5.1_1935173079_linux_gtk_x86_64/plugins/com.st.stm32cube.ide.mcu.externaltools.gnu-tools-for-stm32.9-2020-q2-update.linux64_1.5.0.202011040924/tools/bin/../lib/gcc/arm-none-eabi/9.3.1/thumb/v7e-m+fp/hard/libgcc.a(_dvmd_tls.o)
                0x0000000008000624                __aeabi_ldiv0
                0x0000000008000624                __aeabi_idiv0
 *(.text*)
 .text.print_uart_sz
                0x0000000008000628       0x60 Core/Src/main.o
                0x0000000008000628                print_uart_sz
 .text.print_msg
                0x0000000008000688       0x36 Core/Src/main.o
                0x0000000008000688                print_msg
 *fill*         0x00000000080006be        0x2 
 .text.vTask1_handler
                0x00000000080006c0       0x2c Core/Src/main.o
                0x00000000080006c0                vTask1_handler
 .text.vTask2_handler
                0x00000000080006ec       0x20 Core/Src/main.o
                0x00000000080006ec                vTask2_handler
 .text.main     0x000000000800070c       0xfc Core/Src/main.o
                0x000000000800070c                main
 .text.SystemClock_Config
                0x0000000008000808       0xd0 Core/Src/main.o
                0x0000000008000808                SystemClock_Config
 .text.MX_USART2_UART_Init
                0x00000000080008d8       0x54 Core/Src/main.o
 .text.MX_GPIO_Init
                0x000000000800092c       0xa4 Core/Src/main.o
 .text.HAL_TIM_PeriodElapsedCallback
                0x00000000080009d0       0x24 Core/Src/main.o
                0x00000000080009d0                HAL_TIM_PeriodElapsedCallback
 .text.Error_Handler
                0x00000000080009f4       0x38 Core/Src/main.o
                0x00000000080009f4                Error_Handler
 .text.HAL_MspInit
                0x0000000008000a2c       0x50 Core/Src/stm32f4xx_hal_msp.o
                0x0000000008000a2c                HAL_MspInit
 .text.HAL_UART_MspInit
                0x0000000008000a7c       0x90 Core/Src/stm32f4xx_hal_msp.o
                0x0000000008000a7c                HAL_UART_MspInit
 .text.HAL_InitTick
                0x0000000008000b0c       0xb0 Core/Src/stm32f4xx_hal_timebase_tim.o
                0x0000000008000b0c                HAL_InitTick
 .text.NMI_Handler
                0x0000000008000bbc        0x6 Core/Src/stm32f4xx_it.o
                0x0000000008000bbc                NMI_Handler
 .text.HardFault_Handler
                0x0000000008000bc2        0x6 Core/Src/stm32f4xx_it.o
                0x0000000008000bc2                HardFault_Handler
 .text.MemManage_Handler
                0x0000000008000bc8        0x6 Core/Src/stm32f4xx_it.o
                0x0000000008000bc8                MemManage_Handler
 .text.BusFault_Handler
                0x0000000008000bce        0x6 Core/Src/stm32f4xx_it.o
                0x0000000008000bce                BusFault_Handler
 .text.UsageFault_Handler
                0x0000000008000bd4        0x6 Core/Src/stm32f4xx_it.o
                0x0000000008000bd4                UsageFault_Handler
 .text.DebugMon_Handler
                0x0000000008000bda        0xe Core/Src/stm32f4xx_it.o
                0x0000000008000bda                DebugMon_Handler
 .text.TIM1_UP_TIM10_IRQHandler
                0x0000000008000be8       0x14 Core/Src/stm32f4xx_it.o
                0x0000000008000be8                TIM1_UP_TIM10_IRQHandler
 .text.SystemInit
                0x0000000008000bfc       0x24 Core/Src/system_stm32f4xx.o
                0x0000000008000bfc                SystemInit
 .text.Reset_Handler
                0x0000000008000c20       0x50 Core/Startup/startup_stm32f411ceux.o
                0x0000000008000c20                Reset_Handler
 .text.Default_Handler
                0x0000000008000c70        0x2 Core/Startup/startup_stm32f411ceux.o
                0x0000000008000c70                RTC_Alarm_IRQHandler
                0x0000000008000c70                EXTI2_IRQHandler
                0x0000000008000c70                SPI4_IRQHandler
                0x0000000008000c70                TIM1_CC_IRQHandler
                0x0000000008000c70                DMA2_Stream5_IRQHandler
                0x0000000008000c70                DMA1_Stream5_IRQHandler
                0x0000000008000c70                PVD_IRQHandler
                0x0000000008000c70                SDIO_IRQHandler
                0x0000000008000c70                TAMP_STAMP_IRQHandler
                0x0000000008000c70                EXTI3_IRQHandler
                0x0000000008000c70                I2C3_ER_IRQHandler
                0x0000000008000c70                EXTI0_IRQHandler
                0x0000000008000c70                I2C2_EV_IRQHandler
                0x0000000008000c70                DMA1_Stream2_IRQHandler
                0x0000000008000c70                FPU_IRQHandler
                0x0000000008000c70                DMA2_Stream2_IRQHandler
                0x0000000008000c70                SPI1_IRQHandler
                0x0000000008000c70                TIM1_BRK_TIM9_IRQHandler
                0x0000000008000c70                DMA2_Stream3_IRQHandler
                0x0000000008000c70                USART6_IRQHandler
                0x0000000008000c70                DMA2_Stream0_IRQHandler
                0x0000000008000c70                TIM4_IRQHandler
                0x0000000008000c70                I2C1_EV_IRQHandler
                0x0000000008000c70                DMA1_Stream6_IRQHandler
                0x0000000008000c70                DMA1_Stream1_IRQHandler
                0x0000000008000c70                TIM3_IRQHandler
                0x0000000008000c70                RCC_IRQHandler
                0x0000000008000c70                Default_Handler
                0x0000000008000c70                EXTI15_10_IRQHandler
                0x0000000008000c70                ADC_IRQHandler
                0x0000000008000c70                DMA1_Stream7_IRQHandler
                0x0000000008000c70                SPI5_IRQHandler
                0x0000000008000c70                TIM5_IRQHandler
                0x0000000008000c70                DMA2_Stream7_IRQHandler
                0x0000000008000c70                I2C3_EV_IRQHandler
                0x0000000008000c70                EXTI9_5_IRQHandler
                0x0000000008000c70                RTC_WKUP_IRQHandler
                0x0000000008000c70                SPI2_IRQHandler
                0x0000000008000c70                DMA1_Stream0_IRQHandler
                0x0000000008000c70                EXTI4_IRQHandler
                0x0000000008000c70                WWDG_IRQHandler
                0x0000000008000c70                TIM2_IRQHandler
                0x0000000008000c70                OTG_FS_WKUP_IRQHandler
                0x0000000008000c70                TIM1_TRG_COM_TIM11_IRQHandler
                0x0000000008000c70                EXTI1_IRQHandler
                0x0000000008000c70                USART2_IRQHandler
                0x0000000008000c70                I2C2_ER_IRQHandler
                0x0000000008000c70                DMA2_Stream1_IRQHandler
                0x0000000008000c70                FLASH_IRQHandler
                0x0000000008000c70                DMA2_Stream4_IRQHandler
                0x0000000008000c70                USART1_IRQHandler
                0x0000000008000c70                OTG_FS_IRQHandler
                0x0000000008000c70                SPI3_IRQHandler
                0x0000000008000c70                DMA1_Stream4_IRQHandler
                0x0000000008000c70                I2C1_ER_IRQHandler
                0x0000000008000c70                DMA2_Stream6_IRQHandler
                0x0000000008000c70                DMA1_Stream3_IRQHandler
 *fill*         0x0000000008000c72        0x2 
 .text.HAL_Init
                0x0000000008000c74       0x44 Drivers/STM32F4xx_HAL_Driver/Src/stm32f4xx_hal.o
                0x0000000008000c74                HAL_Init
 .text.HAL_IncTick
                0x0000000008000cb8       0x28 Drivers/STM32F4xx_HAL_Driver/Src/stm32f4xx_hal.o
                0x0000000008000cb8                HAL_IncTick
 .text.HAL_GetTick
                0x0000000008000ce0       0x18 Drivers/STM32F4xx_HAL_Driver/Src/stm32f4xx_hal.o
                0x0000000008000ce0                HAL_GetTick
 .text.HAL_Delay
                0x0000000008000cf8       0x48 Drivers/STM32F4xx_HAL_Driver/Src/stm32f4xx_hal.o
                0x0000000008000cf8                HAL_Delay
 .text.__NVIC_SetPriorityGrouping
                0x0000000008000d40       0x48 Drivers/STM32F4xx_HAL_Driver/Src/stm32f4xx_hal_cortex.o
 .text.__NVIC_GetPriorityGrouping
                0x0000000008000d88       0x1c Drivers/STM32F4xx_HAL_Driver/Src/stm32f4xx_hal_cortex.o
 .text.__NVIC_EnableIRQ
                0x0000000008000da4       0x3c Drivers/STM32F4xx_HAL_Driver/Src/stm32f4xx_hal_cortex.o
 .text.__NVIC_SetPriority
                0x0000000008000de0       0x54 Drivers/STM32F4xx_HAL_Driver/Src/stm32f4xx_hal_cortex.o
 .text.NVIC_EncodePriority
                0x0000000008000e34       0x66 Drivers/STM32F4xx_HAL_Driver/Src/stm32f4xx_hal_cortex.o
 .text.HAL_NVIC_SetPriorityGrouping
                0x0000000008000e9a       0x16 Drivers/STM32F4xx_HAL_Driver/Src/stm32f4xx_hal_cortex.o
                0x0000000008000e9a                HAL_NVIC_SetPriorityGrouping
 .text.HAL_NVIC_SetPriority
                0x0000000008000eb0       0x38 Drivers/STM32F4xx_HAL_Driver/Src/stm32f4xx_hal_cortex.o
                0x0000000008000eb0                HAL_NVIC_SetPriority
 .text.HAL_NVIC_EnableIRQ
                0x0000000008000ee8       0x1c Drivers/STM32F4xx_HAL_Driver/Src/stm32f4xx_hal_cortex.o
                0x0000000008000ee8                HAL_NVIC_EnableIRQ
 .text.HAL_GPIO_Init
                0x0000000008000f04      0x308 Drivers/STM32F4xx_HAL_Driver/Src/stm32f4xx_hal_gpio.o
                0x0000000008000f04                HAL_GPIO_Init
 .text.HAL_GPIO_ReadPin
                0x000000000800120c       0x30 Drivers/STM32F4xx_HAL_Driver/Src/stm32f4xx_hal_gpio.o
                0x000000000800120c                HAL_GPIO_ReadPin
 .text.HAL_GPIO_WritePin
                0x000000000800123c       0x32 Drivers/STM32F4xx_HAL_Driver/Src/stm32f4xx_hal_gpio.o
                0x000000000800123c                HAL_GPIO_WritePin
 .text.HAL_GPIO_TogglePin
                0x000000000800126e       0x34 Drivers/STM32F4xx_HAL_Driver/Src/stm32f4xx_hal_gpio.o
                0x000000000800126e                HAL_GPIO_TogglePin
 *fill*         0x00000000080012a2        0x2 
 .text.HAL_RCC_OscConfig
                0x00000000080012a4      0x4f0 Drivers/STM32F4xx_HAL_Driver/Src/stm32f4xx_hal_rcc.o
                0x00000000080012a4                HAL_RCC_OscConfig
 .text.HAL_RCC_ClockConfig
                0x0000000008001794      0x1cc Drivers/STM32F4xx_HAL_Driver/Src/stm32f4xx_hal_rcc.o
                0x0000000008001794                HAL_RCC_ClockConfig
 .text.HAL_RCC_GetSysClockFreq
                0x0000000008001960      0x16c Drivers/STM32F4xx_HAL_Driver/Src/stm32f4xx_hal_rcc.o
                0x0000000008001960                HAL_RCC_GetSysClockFreq
 .text.HAL_RCC_GetHCLKFreq
                0x0000000008001acc       0x18 Drivers/STM32F4xx_HAL_Driver/Src/stm32f4xx_hal_rcc.o
                0x0000000008001acc                HAL_RCC_GetHCLKFreq
 .text.HAL_RCC_GetPCLK1Freq
                0x0000000008001ae4       0x28 Drivers/STM32F4xx_HAL_Driver/Src/stm32f4xx_hal_rcc.o
                0x0000000008001ae4                HAL_RCC_GetPCLK1Freq
 .text.HAL_RCC_GetPCLK2Freq
                0x0000000008001b0c       0x28 Drivers/STM32F4xx_HAL_Driver/Src/stm32f4xx_hal_rcc.o
                0x0000000008001b0c                HAL_RCC_GetPCLK2Freq
 .text.HAL_RCC_GetClockConfig
                0x0000000008001b34       0x64 Drivers/STM32F4xx_HAL_Driver/Src/stm32f4xx_hal_rcc.o
                0x0000000008001b34                HAL_RCC_GetClockConfig
 .text.HAL_TIM_Base_Init
                0x0000000008001b98       0x9e Drivers/STM32F4xx_HAL_Driver/Src/stm32f4xx_hal_tim.o
                0x0000000008001b98                HAL_TIM_Base_Init
 .text.HAL_TIM_Base_MspInit
                0x0000000008001c36       0x14 Drivers/STM32F4xx_HAL_Driver/Src/stm32f4xx_hal_tim.o
                0x0000000008001c36                HAL_TIM_Base_MspInit
 *fill*         0x0000000008001c4a        0x2 
 .text.HAL_TIM_Base_Start_IT
                0x0000000008001c4c       0xc4 Drivers/STM32F4xx_HAL_Driver/Src/stm32f4xx_hal_tim.o
                0x0000000008001c4c                HAL_TIM_Base_Start_IT
 .text.HAL_TIM_IRQHandler
                0x0000000008001d10      0x210 Drivers/STM32F4xx_HAL_Driver/Src/stm32f4xx_hal_tim.o
                0x0000000008001d10                HAL_TIM_IRQHandler
 .text.HAL_TIM_OC_DelayElapsedCallback
                0x0000000008001f20       0x14 Drivers/STM32F4xx_HAL_Driver/Src/stm32f4xx_hal_tim.o
                0x0000000008001f20                HAL_TIM_OC_DelayElapsedCallback
 .text.HAL_TIM_IC_CaptureCallback
                0x0000000008001f34       0x14 Drivers/STM32F4xx_HAL_Driver/Src/stm32f4xx_hal_tim.o
                0x0000000008001f34                HAL_TIM_IC_CaptureCallback
 .text.HAL_TIM_PWM_PulseFinishedCallback
                0x0000000008001f48       0x14 Drivers/STM32F4xx_HAL_Driver/Src/stm32f4xx_hal_tim.o
                0x0000000008001f48                HAL_TIM_PWM_PulseFinishedCallback
 .text.HAL_TIM_TriggerCallback
                0x0000000008001f5c       0x14 Drivers/STM32F4xx_HAL_Driver/Src/stm32f4xx_hal_tim.o
                0x0000000008001f5c                HAL_TIM_TriggerCallback
 .text.TIM_Base_SetConfig
                0x0000000008001f70      0x100 Drivers/STM32F4xx_HAL_Driver/Src/stm32f4xx_hal_tim.o
                0x0000000008001f70                TIM_Base_SetConfig
 .text.HAL_TIMEx_CommutCallback
                0x0000000008002070       0x14 Drivers/STM32F4xx_HAL_Driver/Src/stm32f4xx_hal_tim_ex.o
                0x0000000008002070                HAL_TIMEx_CommutCallback
 .text.HAL_TIMEx_BreakCallback
                0x0000000008002084       0x14 Drivers/STM32F4xx_HAL_Driver/Src/stm32f4xx_hal_tim_ex.o
                0x0000000008002084                HAL_TIMEx_BreakCallback
 .text.HAL_UART_Init
                0x0000000008002098       0x9a Drivers/STM32F4xx_HAL_Driver/Src/stm32f4xx_hal_uart.o
                0x0000000008002098                HAL_UART_Init
 *fill*         0x0000000008002132        0x2 
 .text.UART_SetConfig
                0x0000000008002134      0x390 Drivers/STM32F4xx_HAL_Driver/Src/stm32f4xx_hal_uart.o
 .text.vListInitialise
                0x00000000080024c4       0x40 ThirdParty/FreeRTOS/list.o
                0x00000000080024c4                vListInitialise
 .text.vListInitialiseItem
                0x0000000008002504       0x1a ThirdParty/FreeRTOS/list.o
                0x0000000008002504                vListInitialiseItem
 .text.vListInsertEnd
                0x000000000800251e       0x48 ThirdParty/FreeRTOS/list.o
                0x000000000800251e                vListInsertEnd
 .text.vListInsert
                0x0000000008002566       0x72 ThirdParty/FreeRTOS/list.o
                0x0000000008002566                vListInsert
 .text.uxListRemove
                0x00000000080025d8       0x54 ThirdParty/FreeRTOS/list.o
                0x00000000080025d8                uxListRemove
 .text.xQueueGenericReset
                0x000000000800262c       0xd0 ThirdParty/FreeRTOS/queue.o
                0x000000000800262c                xQueueGenericReset
 .text.xQueueGenericCreate
                0x00000000080026fc       0xbe ThirdParty/FreeRTOS/queue.o
                0x00000000080026fc                xQueueGenericCreate
 .text.prvInitialiseNewQueue
                0x00000000080027ba       0x52 ThirdParty/FreeRTOS/queue.o
 .text.xQueueGenericSend
                0x000000000800280c      0x24c ThirdParty/FreeRTOS/queue.o
                0x000000000800280c                xQueueGenericSend
 .text.xQueueGenericSendFromISR
                0x0000000008002a58      0x17c ThirdParty/FreeRTOS/queue.o
                0x0000000008002a58                xQueueGenericSendFromISR
 .text.xQueueReceive
                0x0000000008002bd4      0x220 ThirdParty/FreeRTOS/queue.o
                0x0000000008002bd4                xQueueReceive
 .text.prvCopyDataToQueue
                0x0000000008002df4       0xd4 ThirdParty/FreeRTOS/queue.o
 .text.prvCopyDataFromQueue
                0x0000000008002ec8       0x4c ThirdParty/FreeRTOS/queue.o
 .text.prvUnlockQueue
                0x0000000008002f14       0xa4 ThirdParty/FreeRTOS/queue.o
 .text.prvIsQueueEmpty
                0x0000000008002fb8       0x2c ThirdParty/FreeRTOS/queue.o
 .text.prvIsQueueFull
                0x0000000008002fe4       0x30 ThirdParty/FreeRTOS/queue.o
 .text.vQueueAddToRegistry
                0x0000000008003014       0x64 ThirdParty/FreeRTOS/queue.o
                0x0000000008003014                vQueueAddToRegistry
 .text.vQueueWaitForMessageRestricted
                0x0000000008003078       0x68 ThirdParty/FreeRTOS/queue.o
                0x0000000008003078                vQueueWaitForMessageRestricted
 .text.xTaskCreate
                0x00000000080030e0       0x82 ThirdParty/FreeRTOS/tasks.o
                0x00000000080030e0                xTaskCreate
 .text.prvInitialiseNewTask
                0x0000000008003162      0x12c ThirdParty/FreeRTOS/tasks.o
 *fill*         0x000000000800328e        0x2 
 .text.prvAddNewTaskToReadyList
                0x0000000008003290      0x118 ThirdParty/FreeRTOS/tasks.o
 .text.vTaskDelay
                0x00000000080033a8       0x70 ThirdParty/FreeRTOS/tasks.o
                0x00000000080033a8                vTaskDelay
 .text.vTaskStartScheduler
                0x0000000008003418       0xc4 ThirdParty/FreeRTOS/tasks.o
                0x0000000008003418                vTaskStartScheduler
 .text.vTaskSuspendAll
                0x00000000080034dc       0x1c ThirdParty/FreeRTOS/tasks.o
                0x00000000080034dc                vTaskSuspendAll
 .text.xTaskResumeAll
                0x00000000080034f8      0x140 ThirdParty/FreeRTOS/tasks.o
                0x00000000080034f8                xTaskResumeAll
 .text.xTaskGetTickCount
                0x0000000008003638       0x20 ThirdParty/FreeRTOS/tasks.o
                0x0000000008003638                xTaskGetTickCount
 .text.xTaskGetTickCountFromISR
                0x0000000008003658       0x24 ThirdParty/FreeRTOS/tasks.o
                0x0000000008003658                xTaskGetTickCountFromISR
 .text.xTaskIncrementTick
                0x000000000800367c      0x178 ThirdParty/FreeRTOS/tasks.o
                0x000000000800367c                xTaskIncrementTick
 .text.vTaskSwitchContext
                0x00000000080037f4       0xd4 ThirdParty/FreeRTOS/tasks.o
                0x00000000080037f4                vTaskSwitchContext
 .text.vTaskPlaceOnEventList
                0x00000000080038c8       0x48 ThirdParty/FreeRTOS/tasks.o
                0x00000000080038c8                vTaskPlaceOnEventList
 .text.vTaskPlaceOnEventListRestricted
                0x0000000008003910       0x5c ThirdParty/FreeRTOS/tasks.o
                0x0000000008003910                vTaskPlaceOnEventListRestricted
 .text.xTaskRemoveFromEventList
                0x000000000800396c       0xcc ThirdParty/FreeRTOS/tasks.o
                0x000000000800396c                xTaskRemoveFromEventList
 .text.vTaskInternalSetTimeOutState
                0x0000000008003a38       0x2c ThirdParty/FreeRTOS/tasks.o
                0x0000000008003a38                vTaskInternalSetTimeOutState
 .text.xTaskCheckForTimeOut
                0x0000000008003a64       0xcc ThirdParty/FreeRTOS/tasks.o
                0x0000000008003a64                xTaskCheckForTimeOut
 .text.vTaskMissedYield
                0x0000000008003b30       0x18 ThirdParty/FreeRTOS/tasks.o
                0x0000000008003b30                vTaskMissedYield
 .text.prvIdleTask
                0x0000000008003b48       0x30 ThirdParty/FreeRTOS/tasks.o
 .text.prvInitialiseTaskLists
                0x0000000008003b78       0x80 ThirdParty/FreeRTOS/tasks.o
 .text.prvCheckTasksWaitingTermination
                0x0000000008003bf8       0x5c ThirdParty/FreeRTOS/tasks.o
 .text.prvDeleteTCB
                0x0000000008003c54       0x20 ThirdParty/FreeRTOS/tasks.o
 .text.prvResetNextTaskUnblockTime
                0x0000000008003c74       0x38 ThirdParty/FreeRTOS/tasks.o
 .text.xTaskGetSchedulerState
                0x0000000008003cac       0x3c ThirdParty/FreeRTOS/tasks.o
                0x0000000008003cac                xTaskGetSchedulerState
 .text.xTaskPriorityDisinherit
                0x0000000008003ce8      0x100 ThirdParty/FreeRTOS/tasks.o
                0x0000000008003ce8                xTaskPriorityDisinherit
 .text.prvAddCurrentTaskToDelayedList
                0x0000000008003de8       0xf0 ThirdParty/FreeRTOS/tasks.o
 .text.xTimerCreateTimerTask
                0x0000000008003ed8       0x64 ThirdParty/FreeRTOS/timers.o
                0x0000000008003ed8                xTimerCreateTimerTask
 .text.xTimerGenericCommand
                0x0000000008003f3c       0x9c ThirdParty/FreeRTOS/timers.o
                0x0000000008003f3c                xTimerGenericCommand
 .text.prvProcessExpiredTimer
                0x0000000008003fd8       0x98 ThirdParty/FreeRTOS/timers.o
 .text.prvTimerTask
                0x0000000008004070       0x24 ThirdParty/FreeRTOS/timers.o
 .text.prvProcessTimerOrBlockTask
                0x0000000008004094       0x9c ThirdParty/FreeRTOS/timers.o
 .text.prvGetNextExpireTime
                0x0000000008004130       0x48 ThirdParty/FreeRTOS/timers.o
 .text.prvSampleTimeNow
                0x0000000008004178       0x40 ThirdParty/FreeRTOS/timers.o
 .text.prvInsertTimerInActiveList
                0x00000000080041b8       0x84 ThirdParty/FreeRTOS/timers.o
 .text.prvProcessReceivedCommands
                0x000000000800423c      0x18c ThirdParty/FreeRTOS/timers.o
 .text.prvSwitchTimerLists
                0x00000000080043c8       0xc8 ThirdParty/FreeRTOS/timers.o
 .text.prvCheckForValidListAndQueue
                0x0000000008004490       0x6c ThirdParty/FreeRTOS/timers.o
 .text.pxPortInitialiseStack
                0x00000000080044fc       0x68 ThirdParty/FreeRTOS/portable/GCC/ARM_CM4F/port.o
                0x00000000080044fc                pxPortInitialiseStack
 .text.prvTaskExitError
                0x0000000008004564       0x58 ThirdParty/FreeRTOS/portable/GCC/ARM_CM4F/port.o
 *fill*         0x00000000080045bc        0x4 
 .text.SVC_Handler
                0x00000000080045c0       0x28 ThirdParty/FreeRTOS/portable/GCC/ARM_CM4F/port.o
                0x00000000080045c0                SVC_Handler
 .text.prvPortStartFirstTask
                0x00000000080045e8       0x2c ThirdParty/FreeRTOS/portable/GCC/ARM_CM4F/port.o
 .text.xPortStartScheduler
                0x0000000008004614      0x144 ThirdParty/FreeRTOS/portable/GCC/ARM_CM4F/port.o
                0x0000000008004614                xPortStartScheduler
 .text.vInitPrioGroupValue
                0x0000000008004758       0xfc ThirdParty/FreeRTOS/portable/GCC/ARM_CM4F/port.o
                0x0000000008004758                vInitPrioGroupValue
 .text.vPortEnterCritical
                0x0000000008004854       0x60 ThirdParty/FreeRTOS/portable/GCC/ARM_CM4F/port.o
                0x0000000008004854                vPortEnterCritical
 .text.vPortExitCritical
                0x00000000080048b4       0x54 ThirdParty/FreeRTOS/portable/GCC/ARM_CM4F/port.o
                0x00000000080048b4                vPortExitCritical
 *fill*         0x0000000008004908        0x8 
 .text.PendSV_Handler
                0x0000000008004910       0x68 ThirdParty/FreeRTOS/portable/GCC/ARM_CM4F/port.o
                0x0000000008004910                PendSV_Handler
 .text.SysTick_Handler
                0x0000000008004978       0x54 ThirdParty/FreeRTOS/portable/GCC/ARM_CM4F/port.o
                0x0000000008004978                SysTick_Handler
 .text.vPortSetupTimerInterrupt
                0x00000000080049cc       0x48 ThirdParty/FreeRTOS/portable/GCC/ARM_CM4F/port.o
                0x00000000080049cc                vPortSetupTimerInterrupt
 .text.vPortEnableVFP
                0x0000000008004a14       0x18 ThirdParty/FreeRTOS/portable/GCC/ARM_CM4F/port.o
 .text.vPortValidateInterruptPriority
                0x0000000008004a2c       0x80 ThirdParty/FreeRTOS/portable/GCC/ARM_CM4F/port.o
                0x0000000008004a2c                vPortValidateInterruptPriority
 .text.pvPortMalloc
                0x0000000008004aac      0x1c0 ThirdParty/FreeRTOS/portable/MemMang/heap_4.o
                0x0000000008004aac                pvPortMalloc
 .text.vPortFree
                0x0000000008004c6c       0xc4 ThirdParty/FreeRTOS/portable/MemMang/heap_4.o
                0x0000000008004c6c                vPortFree
 .text.prvHeapInit
                0x0000000008004d30       0xc4 ThirdParty/FreeRTOS/portable/MemMang/heap_4.o
 .text.prvInsertBlockIntoFreeList
                0x0000000008004df4       0xb4 ThirdParty/FreeRTOS/portable/MemMang/heap_4.o
 .text._cbSendSystemDesc
                0x0000000008004ea8       0x1c ThirdParty/SEGGER/Config/SEGGER_SYSVIEW_Config_FreeRTOS.o
 .text.SEGGER_SYSVIEW_Conf
                0x0000000008004ec4       0x2c ThirdParty/SEGGER/Config/SEGGER_SYSVIEW_Config_FreeRTOS.o
                0x0000000008004ec4                SEGGER_SYSVIEW_Conf
 .text._cbSendTaskList
                0x0000000008004ef0       0x90 ThirdParty/SEGGER/OS/SEGGER_SYSVIEW_FreeRTOS.o
 .text._cbGetTime
                0x0000000008004f80       0x78 ThirdParty/SEGGER/OS/SEGGER_SYSVIEW_FreeRTOS.o
 .text.SYSVIEW_AddTask
                0x0000000008004ff8       0xd0 ThirdParty/SEGGER/OS/SEGGER_SYSVIEW_FreeRTOS.o
                0x0000000008004ff8                SYSVIEW_AddTask
 .text.SYSVIEW_SendTaskInfo
                0x00000000080050c8       0x42 ThirdParty/SEGGER/OS/SEGGER_SYSVIEW_FreeRTOS.o
                0x00000000080050c8                SYSVIEW_SendTaskInfo
 *fill*         0x000000000800510a        0x2 
 .text._DoInit  0x000000000800510c       0xb0 ThirdParty/SEGGER/SEGGER/SEGGER_RTT.o
 .text.SEGGER_RTT_ReadNoLock
                0x00000000080051bc      0x10c ThirdParty/SEGGER/SEGGER/SEGGER_RTT.o
                0x00000000080051bc                SEGGER_RTT_ReadNoLock
 .text.SEGGER_RTT_AllocUpBuffer
                0x00000000080052c8      0x108 ThirdParty/SEGGER/SEGGER/SEGGER_RTT.o
                0x00000000080052c8                SEGGER_RTT_AllocUpBuffer
 .text.SEGGER_RTT_ConfigDownBuffer
                0x00000000080053d0       0xe0 ThirdParty/SEGGER/SEGGER/SEGGER_RTT.o
                0x00000000080053d0                SEGGER_RTT_ConfigDownBuffer
 .text._EncodeStr
                0x00000000080054b0       0x9a ThirdParty/SEGGER/SEGGER/SEGGER_SYSVIEW.o
 .text._PreparePacket
                0x000000000800554a       0x18 ThirdParty/SEGGER/SEGGER/SEGGER_SYSVIEW.o
 *fill*         0x0000000008005562        0x2 
 .text._HandleIncomingPacket
                0x0000000008005564       0xe4 ThirdParty/SEGGER/SEGGER/SEGGER_SYSVIEW.o
 .text._TrySendOverflowPacket
                0x0000000008005648       0xe4 ThirdParty/SEGGER/SEGGER/SEGGER_SYSVIEW.o
 .text._SendPacket
                0x000000000800572c      0x1cc ThirdParty/SEGGER/SEGGER/SEGGER_SYSVIEW.o
 .text.SEGGER_SYSVIEW_Init
                0x00000000080058f8       0x88 ThirdParty/SEGGER/SEGGER/SEGGER_SYSVIEW.o
                0x00000000080058f8                SEGGER_SYSVIEW_Init
 .text.SEGGER_SYSVIEW_SetRAMBase
                0x0000000008005980       0x20 ThirdParty/SEGGER/SEGGER/SEGGER_SYSVIEW.o
                0x0000000008005980                SEGGER_SYSVIEW_SetRAMBase
 .text.SEGGER_SYSVIEW_RecordVoid
                0x00000000080059a0       0x3c ThirdParty/SEGGER/SEGGER/SEGGER_SYSVIEW.o
                0x00000000080059a0                SEGGER_SYSVIEW_RecordVoid
 .text.SEGGER_SYSVIEW_RecordU32
                0x00000000080059dc       0x78 ThirdParty/SEGGER/SEGGER/SEGGER_SYSVIEW.o
                0x00000000080059dc                SEGGER_SYSVIEW_RecordU32
 .text.SEGGER_SYSVIEW_RecordU32x2
                0x0000000008005a54       0xb4 ThirdParty/SEGGER/SEGGER/SEGGER_SYSVIEW.o
                0x0000000008005a54                SEGGER_SYSVIEW_RecordU32x2
 .text.SEGGER_SYSVIEW_RecordU32x3
                0x0000000008005b08       0xec ThirdParty/SEGGER/SEGGER/SEGGER_SYSVIEW.o
                0x0000000008005b08                SEGGER_SYSVIEW_RecordU32x3
 .text.SEGGER_SYSVIEW_RecordU32x4
                0x0000000008005bf4      0x124 ThirdParty/SEGGER/SEGGER/SEGGER_SYSVIEW.o
                0x0000000008005bf4                SEGGER_SYSVIEW_RecordU32x4
 .text.SEGGER_SYSVIEW_Start
                0x0000000008005d18      0x174 ThirdParty/SEGGER/SEGGER/SEGGER_SYSVIEW.o
                0x0000000008005d18                SEGGER_SYSVIEW_Start
 .text.SEGGER_SYSVIEW_Stop
                0x0000000008005e8c       0x4c ThirdParty/SEGGER/SEGGER/SEGGER_SYSVIEW.o
                0x0000000008005e8c                SEGGER_SYSVIEW_Stop
 .text.SEGGER_SYSVIEW_GetSysDesc
                0x0000000008005ed8      0x134 ThirdParty/SEGGER/SEGGER/SEGGER_SYSVIEW.o
                0x0000000008005ed8                SEGGER_SYSVIEW_GetSysDesc
 .text.SEGGER_SYSVIEW_SendTaskInfo
                0x000000000800600c      0x1c8 ThirdParty/SEGGER/SEGGER/SEGGER_SYSVIEW.o
                0x000000000800600c                SEGGER_SYSVIEW_SendTaskInfo
 .text.SEGGER_SYSVIEW_SendTaskList
                0x00000000080061d4       0x28 ThirdParty/SEGGER/SEGGER/SEGGER_SYSVIEW.o
                0x00000000080061d4                SEGGER_SYSVIEW_SendTaskList
 .text.SEGGER_SYSVIEW_SendSysDesc
                0x00000000080061fc       0x48 ThirdParty/SEGGER/SEGGER/SEGGER_SYSVIEW.o
                0x00000000080061fc                SEGGER_SYSVIEW_SendSysDesc
 .text.SEGGER_SYSVIEW_RecordSystime
                0x0000000008006244       0x64 ThirdParty/SEGGER/SEGGER/SEGGER_SYSVIEW.o
                0x0000000008006244                SEGGER_SYSVIEW_RecordSystime
 .text.SEGGER_SYSVIEW_RecordEnterISR
                0x00000000080062a8       0x84 ThirdParty/SEGGER/SEGGER/SEGGER_SYSVIEW.o
                0x00000000080062a8                SEGGER_SYSVIEW_RecordEnterISR
 .text.SEGGER_SYSVIEW_RecordExitISR
                0x000000000800632c       0x38 ThirdParty/SEGGER/SEGGER/SEGGER_SYSVIEW.o
                0x000000000800632c                SEGGER_SYSVIEW_RecordExitISR
 .text.SEGGER_SYSVIEW_RecordExitISRToScheduler
                0x0000000008006364       0x38 ThirdParty/SEGGER/SEGGER/SEGGER_SYSVIEW.o
                0x0000000008006364                SEGGER_SYSVIEW_RecordExitISRToScheduler
 .text.SEGGER_SYSVIEW_OnIdle
                0x000000000800639c       0x38 ThirdParty/SEGGER/SEGGER/SEGGER_SYSVIEW.o
                0x000000000800639c                SEGGER_SYSVIEW_OnIdle
 .text.SEGGER_SYSVIEW_OnTaskCreate
                0x00000000080063d4       0x84 ThirdParty/SEGGER/SEGGER/SEGGER_SYSVIEW.o
                0x00000000080063d4                SEGGER_SYSVIEW_OnTaskCreate
 .text.SEGGER_SYSVIEW_OnTaskStartExec
                0x0000000008006458       0x84 ThirdParty/SEGGER/SEGGER/SEGGER_SYSVIEW.o
                0x0000000008006458                SEGGER_SYSVIEW_OnTaskStartExec
 .text.SEGGER_SYSVIEW_OnTaskStartReady
                0x00000000080064dc       0x84 ThirdParty/SEGGER/SEGGER/SEGGER_SYSVIEW.o
                0x00000000080064dc                SEGGER_SYSVIEW_OnTaskStartReady
 .text.SEGGER_SYSVIEW_OnTaskStopReady
                0x0000000008006560       0xc0 ThirdParty/SEGGER/SEGGER/SEGGER_SYSVIEW.o
                0x0000000008006560                SEGGER_SYSVIEW_OnTaskStopReady
 .text.SEGGER_SYSVIEW_ShrinkId
                0x0000000008006620       0x20 ThirdParty/SEGGER/SEGGER/SEGGER_SYSVIEW.o
                0x0000000008006620                SEGGER_SYSVIEW_ShrinkId
 .text.SEGGER_SYSVIEW_SendModule
                0x0000000008006640      0x100 ThirdParty/SEGGER/SEGGER/SEGGER_SYSVIEW.o
                0x0000000008006640                SEGGER_SYSVIEW_SendModule
 .text.SEGGER_SYSVIEW_SendModuleDescription
                0x0000000008006740       0x3c ThirdParty/SEGGER/SEGGER/SEGGER_SYSVIEW.o
                0x0000000008006740                SEGGER_SYSVIEW_SendModuleDescription
 .text.SEGGER_SYSVIEW_SendNumModules
                0x000000000800677c       0x7c ThirdParty/SEGGER/SEGGER/SEGGER_SYSVIEW.o
                0x000000000800677c                SEGGER_SYSVIEW_SendNumModules
 .text.SEGGER_SYSVIEW_Warn
                0x00000000080067f8       0xb8 ThirdParty/SEGGER/SEGGER/SEGGER_SYSVIEW.o
                0x00000000080067f8                SEGGER_SYSVIEW_Warn
 .text.__libc_init_array
                0x00000000080068b0       0x48 /home/hari/.eclipse/com.st.stm32cube.ide.mcu.rcp.product_1.5.1_1935173079_linux_gtk_x86_64/plugins/com.st.stm32cube.ide.mcu.externaltools.gnu-tools-for-stm32.9-2020-q2-update.linux64_1.5.0.202011040924/tools/bin/../lib/gcc/arm-none-eabi/9.3.1/../../../../arm-none-eabi/lib/thumb/v7e-m+fp/hard/libc_nano.a(lib_a-init.o)
                0x00000000080068b0                __libc_init_array
 .text.memcmp   0x00000000080068f8       0x1c /home/hari/.eclipse/com.st.stm32cube.ide.mcu.rcp.product_1.5.1_1935173079_linux_gtk_x86_64/plugins/com.st.stm32cube.ide.mcu.externaltools.gnu-tools-for-stm32.9-2020-q2-update.linux64_1.5.0.202011040924/tools/bin/../lib/gcc/arm-none-eabi/9.3.1/../../../../arm-none-eabi/lib/thumb/v7e-m+fp/hard/libc_nano.a(lib_a-memcmp.o)
                0x00000000080068f8                memcmp
 .text.memcpy   0x0000000008006914       0x1c /home/hari/.eclipse/com.st.stm32cube.ide.mcu.rcp.product_1.5.1_1935173079_linux_gtk_x86_64/plugins/com.st.stm32cube.ide.mcu.externaltools.gnu-tools-for-stm32.9-2020-q2-update.linux64_1.5.0.202011040924/tools/bin/../lib/gcc/arm-none-eabi/9.3.1/../../../../arm-none-eabi/lib/thumb/v7e-m+fp/hard/libc_nano.a(lib_a-memcpy-stub.o)
                0x0000000008006914                memcpy
 .text.memset   0x0000000008006930       0x10 /home/hari/.eclipse/com.st.stm32cube.ide.mcu.rcp.product_1.5.1_1935173079_linux_gtk_x86_64/plugins/com.st.stm32cube.ide.mcu.externaltools.gnu-tools-for-stm32.9-2020-q2-update.linux64_1.5.0.202011040924/tools/bin/../lib/gcc/arm-none-eabi/9.3.1/../../../../arm-none-eabi/lib/thumb/v7e-m+fp/hard/libc_nano.a(lib_a-memset.o)
                0x0000000008006930                memset
 .text._vsprintf_r
                0x0000000008006940       0x2c /home/hari/.eclipse/com.st.stm32cube.ide.mcu.rcp.product_1.5.1_1935173079_linux_gtk_x86_64/plugins/com.st.stm32cube.ide.mcu.externaltools.gnu-tools-for-stm32.9-2020-q2-update.linux64_1.5.0.202011040924/tools/bin/../lib/gcc/arm-none-eabi/9.3.1/../../../../arm-none-eabi/lib/thumb/v7e-m+fp/hard/libc_nano.a(lib_a-vsprintf.o)
                0x0000000008006940                _vsiprintf_r
                0x0000000008006940                _vsprintf_r
 .text.vsprintf
                0x000000000800696c       0x14 /home/hari/.eclipse/com.st.stm32cube.ide.mcu.rcp.product_1.5.1_1935173079_linux_gtk_x86_64/plugins/com.st.stm32cube.ide.mcu.externaltools.gnu-tools-for-stm32.9-2020-q2-update.linux64_1.5.0.202011040924/tools/bin/../lib/gcc/arm-none-eabi/9.3.1/../../../../arm-none-eabi/lib/thumb/v7e-m+fp/hard/libc_nano.a(lib_a-vsprintf.o)
                0x000000000800696c                vsprintf
                0x000000000800696c                vsiprintf
 .text.__ssputs_r
                0x0000000008006980       0xb6 /home/hari/.eclipse/com.st.stm32cube.ide.mcu.rcp.product_1.5.1_1935173079_linux_gtk_x86_64/plugins/com.st.stm32cube.ide.mcu.externaltools.gnu-tools-for-stm32.9-2020-q2-update.linux64_1.5.0.202011040924/tools/bin/../lib/gcc/arm-none-eabi/9.3.1/../../../../arm-none-eabi/lib/thumb/v7e-m+fp/hard/libc_nano.a(lib_a-nano-svfprintf.o)
                0x0000000008006980                __ssputs_r
 *fill*         0x0000000008006a36        0x2 
 .text._svfprintf_r
                0x0000000008006a38      0x200 /home/hari/.eclipse/com.st.stm32cube.ide.mcu.rcp.product_1.5.1_1935173079_linux_gtk_x86_64/plugins/com.st.stm32cube.ide.mcu.externaltools.gnu-tools-for-stm32.9-2020-q2-update.linux64_1.5.0.202011040924/tools/bin/../lib/gcc/arm-none-eabi/9.3.1/../../../../arm-none-eabi/lib/thumb/v7e-m+fp/hard/libc_nano.a(lib_a-nano-svfprintf.o)
                0x0000000008006a38                _svfprintf_r
                0x0000000008006a38                _svfiprintf_r
 .text._printf_common
                0x0000000008006c38       0xda /home/hari/.eclipse/com.st.stm32cube.ide.mcu.rcp.product_1.5.1_1935173079_linux_gtk_x86_64/plugins/com.st.stm32cube.ide.mcu.externaltools.gnu-tools-for-stm32.9-2020-q2-update.linux64_1.5.0.202011040924/tools/bin/../lib/gcc/arm-none-eabi/9.3.1/../../../../arm-none-eabi/lib/thumb/v7e-m+fp/hard/libc_nano.a(lib_a-nano-vfprintf_i.o)
                0x0000000008006c38                _printf_common
 *fill*         0x0000000008006d12        0x2 
 .text._printf_i
                0x0000000008006d14      0x24c /home/hari/.eclipse/com.st.stm32cube.ide.mcu.rcp.product_1.5.1_1935173079_linux_gtk_x86_64/plugins/com.st.stm32cube.ide.mcu.externaltools.gnu-tools-for-stm32.9-2020-q2-update.linux64_1.5.0.202011040924/tools/bin/../lib/gcc/arm-none-eabi/9.3.1/../../../../arm-none-eabi/lib/thumb/v7e-m+fp/hard/libc_nano.a(lib_a-nano-vfprintf_i.o)
                0x0000000008006d14                _printf_i
 .text.memmove  0x0000000008006f60       0x34 /home/hari/.eclipse/com.st.stm32cube.ide.mcu.rcp.product_1.5.1_1935173079_linux_gtk_x86_64/plugins/com.st.stm32cube.ide.mcu.externaltools.gnu-tools-for-stm32.9-2020-q2-update.linux64_1.5.0.202011040924/tools/bin/../lib/gcc/arm-none-eabi/9.3.1/../../../../arm-none-eabi/lib/thumb/v7e-m+fp/hard/libc_nano.a(lib_a-memmove.o)
                0x0000000008006f60                memmove
 .text._free_r  0x0000000008006f94       0xa0 /home/hari/.eclipse/com.st.stm32cube.ide.mcu.rcp.product_1.5.1_1935173079_linux_gtk_x86_64/plugins/com.st.stm32cube.ide.mcu.externaltools.gnu-tools-for-stm32.9-2020-q2-update.linux64_1.5.0.202011040924/tools/bin/../lib/gcc/arm-none-eabi/9.3.1/../../../../arm-none-eabi/lib/thumb/v7e-m+fp/hard/libc_nano.a(lib_a-nano-freer.o)
                0x0000000008006f94                _free_r
 .text._malloc_r
                0x0000000008007034       0xb4 /home/hari/.eclipse/com.st.stm32cube.ide.mcu.rcp.product_1.5.1_1935173079_linux_gtk_x86_64/plugins/com.st.stm32cube.ide.mcu.externaltools.gnu-tools-for-stm32.9-2020-q2-update.linux64_1.5.0.202011040924/tools/bin/../lib/gcc/arm-none-eabi/9.3.1/../../../../arm-none-eabi/lib/thumb/v7e-m+fp/hard/libc_nano.a(lib_a-nano-mallocr.o)
                0x0000000008007034                _malloc_r
 .text._realloc_r
                0x00000000080070e8       0x4c /home/hari/.eclipse/com.st.stm32cube.ide.mcu.rcp.product_1.5.1_1935173079_linux_gtk_x86_64/plugins/com.st.stm32cube.ide.mcu.externaltools.gnu-tools-for-stm32.9-2020-q2-update.linux64_1.5.0.202011040924/tools/bin/../lib/gcc/arm-none-eabi/9.3.1/../../../../arm-none-eabi/lib/thumb/v7e-m+fp/hard/libc_nano.a(lib_a-nano-reallocr.o)
                0x00000000080070e8                _realloc_r
 .text._sbrk_r  0x0000000008007134       0x20 /home/hari/.eclipse/com.st.stm32cube.ide.mcu.rcp.product_1.5.1_1935173079_linux_gtk_x86_64/plugins/com.st.stm32cube.ide.mcu.externaltools.gnu-tools-for-stm32.9-2020-q2-update.linux64_1.5.0.202011040924/tools/bin/../lib/gcc/arm-none-eabi/9.3.1/../../../../arm-none-eabi/lib/thumb/v7e-m+fp/hard/libc_nano.a(lib_a-sbrkr.o)
                0x0000000008007134                _sbrk_r
 .text.__malloc_lock
                0x0000000008007154        0xc /home/hari/.eclipse/com.st.stm32cube.ide.mcu.rcp.product_1.5.1_1935173079_linux_gtk_x86_64/plugins/com.st.stm32cube.ide.mcu.externaltools.gnu-tools-for-stm32.9-2020-q2-update.linux64_1.5.0.202011040924/tools/bin/../lib/gcc/arm-none-eabi/9.3.1/../../../../arm-none-eabi/lib/thumb/v7e-m+fp/hard/libc_nano.a(lib_a-mlock.o)
                0x0000000008007154                __malloc_lock
 .text.__malloc_unlock
                0x0000000008007160        0xc /home/hari/.eclipse/com.st.stm32cube.ide.mcu.rcp.product_1.5.1_1935173079_linux_gtk_x86_64/plugins/com.st.stm32cube.ide.mcu.externaltools.gnu-tools-for-stm32.9-2020-q2-update.linux64_1.5.0.202011040924/tools/bin/../lib/gcc/arm-none-eabi/9.3.1/../../../../arm-none-eabi/lib/thumb/v7e-m+fp/hard/libc_nano.a(lib_a-mlock.o)
                0x0000000008007160                __malloc_unlock
 .text._malloc_usable_size_r
                0x000000000800716c       0x10 /home/hari/.eclipse/com.st.stm32cube.ide.mcu.rcp.product_1.5.1_1935173079_linux_gtk_x86_64/plugins/com.st.stm32cube.ide.mcu.externaltools.gnu-tools-for-stm32.9-2020-q2-update.linux64_1.5.0.202011040924/tools/bin/../lib/gcc/arm-none-eabi/9.3.1/../../../../arm-none-eabi/lib/thumb/v7e-m+fp/hard/libc_nano.a(lib_a-nano-msizer.o)
                0x000000000800716c                _malloc_usable_size_r
 .text.__retarget_lock_acquire_recursive
                0x000000000800717c        0x2 /home/hari/.eclipse/com.st.stm32cube.ide.mcu.rcp.product_1.5.1_1935173079_linux_gtk_x86_64/plugins/com.st.stm32cube.ide.mcu.externaltools.gnu-tools-for-stm32.9-2020-q2-update.linux64_1.5.0.202011040924/tools/bin/../lib/gcc/arm-none-eabi/9.3.1/../../../../arm-none-eabi/lib/thumb/v7e-m+fp/hard/libc_nano.a(lib_a-lock.o)
                0x000000000800717c                __retarget_lock_acquire_recursive
 .text.__retarget_lock_release_recursive
                0x000000000800717e        0x2 /home/hari/.eclipse/com.st.stm32cube.ide.mcu.rcp.product_1.5.1_1935173079_linux_gtk_x86_64/plugins/com.st.stm32cube.ide.mcu.externaltools.gnu-tools-for-stm32.9-2020-q2-update.linux64_1.5.0.202011040924/tools/bin/../lib/gcc/arm-none-eabi/9.3.1/../../../../arm-none-eabi/lib/thumb/v7e-m+fp/hard/libc_nano.a(lib_a-lock.o)
                0x000000000800717e                __retarget_lock_release_recursive
 .text._sbrk    0x0000000008007180       0x1c /home/hari/.eclipse/com.st.stm32cube.ide.mcu.rcp.product_1.5.1_1935173079_linux_gtk_x86_64/plugins/com.st.stm32cube.ide.mcu.externaltools.gnu-tools-for-stm32.9-2020-q2-update.linux64_1.5.0.202011040924/tools/bin/../lib/gcc/arm-none-eabi/9.3.1/../../../../arm-none-eabi/lib/thumb/v7e-m+fp/hard/libnosys.a(sbrk.o)
                0x0000000008007180                _sbrk
 *(.glue_7)
 .glue_7        0x000000000800719c        0x0 linker stubs
 *(.glue_7t)
 .glue_7t       0x000000000800719c        0x0 linker stubs
 *(.eh_frame)
 .eh_frame      0x000000000800719c        0x0 /home/hari/.eclipse/com.st.stm32cube.ide.mcu.rcp.product_1.5.1_1935173079_linux_gtk_x86_64/plugins/com.st.stm32cube.ide.mcu.externaltools.gnu-tools-for-stm32.9-2020-q2-update.linux64_1.5.0.202011040924/tools/bin/../lib/gcc/arm-none-eabi/9.3.1/thumb/v7e-m+fp/hard/crtbegin.o
 *(.init)
 .init          0x000000000800719c        0x4 /home/hari/.eclipse/com.st.stm32cube.ide.mcu.rcp.product_1.5.1_1935173079_linux_gtk_x86_64/plugins/com.st.stm32cube.ide.mcu.externaltools.gnu-tools-for-stm32.9-2020-q2-update.linux64_1.5.0.202011040924/tools/bin/../lib/gcc/arm-none-eabi/9.3.1/thumb/v7e-m+fp/hard/crti.o
                0x000000000800719c                _init
 .init          0x00000000080071a0        0x8 /home/hari/.eclipse/com.st.stm32cube.ide.mcu.rcp.product_1.5.1_1935173079_linux_gtk_x86_64/plugins/com.st.stm32cube.ide.mcu.externaltools.gnu-tools-for-stm32.9-2020-q2-update.linux64_1.5.0.202011040924/tools/bin/../lib/gcc/arm-none-eabi/9.3.1/thumb/v7e-m+fp/hard/crtn.o
 *(.fini)
 .fini          0x00000000080071a8        0x4 /home/hari/.eclipse/com.st.stm32cube.ide.mcu.rcp.product_1.5.1_1935173079_linux_gtk_x86_64/plugins/com.st.stm32cube.ide.mcu.externaltools.gnu-tools-for-stm32.9-2020-q2-update.linux64_1.5.0.202011040924/tools/bin/../lib/gcc/arm-none-eabi/9.3.1/thumb/v7e-m+fp/hard/crti.o
                0x00000000080071a8                _fini
 .fini          0x00000000080071ac        0x8 /home/hari/.eclipse/com.st.stm32cube.ide.mcu.rcp.product_1.5.1_1935173079_linux_gtk_x86_64/plugins/com.st.stm32cube.ide.mcu.externaltools.gnu-tools-for-stm32.9-2020-q2-update.linux64_1.5.0.202011040924/tools/bin/../lib/gcc/arm-none-eabi/9.3.1/thumb/v7e-m+fp/hard/crtn.o
                0x00000000080071b4                . = ALIGN (0x4)
                0x00000000080071b4                _etext = .

.vfp11_veneer   0x00000000080071b4        0x0
 .vfp11_veneer  0x00000000080071b4        0x0 linker stubs

.v4_bx          0x00000000080071b4        0x0
 .v4_bx         0x00000000080071b4        0x0 linker stubs

.iplt           0x00000000080071b4        0x0
 .iplt          0x00000000080071b4        0x0 /home/hari/.eclipse/com.st.stm32cube.ide.mcu.rcp.product_1.5.1_1935173079_linux_gtk_x86_64/plugins/com.st.stm32cube.ide.mcu.externaltools.gnu-tools-for-stm32.9-2020-q2-update.linux64_1.5.0.202011040924/tools/bin/../lib/gcc/arm-none-eabi/9.3.1/thumb/v7e-m+fp/hard/crtbegin.o

.rodata         0x00000000080071b4      0x194
                0x00000000080071b4                . = ALIGN (0x4)
 *(.rodata)
 .rodata        0x00000000080071b4       0x5f Core/Src/main.o
 *fill*         0x0000000008007213        0x1 
 .rodata        0x0000000008007214        0x5 ThirdParty/FreeRTOS/tasks.o
 *fill*         0x0000000008007219        0x3 
 .rodata        0x000000000800721c        0xd ThirdParty/FreeRTOS/timers.o
 *fill*         0x0000000008007229        0x3 
 .rodata        0x000000000800722c       0x41 ThirdParty/SEGGER/Config/SEGGER_SYSVIEW_Config_FreeRTOS.o
 *fill*         0x000000000800726d        0x3 
 .rodata        0x0000000008007270       0x58 ThirdParty/SEGGER/OS/SEGGER_SYSVIEW_FreeRTOS.o
 .rodata        0x00000000080072c8       0x17 ThirdParty/SEGGER/SEGGER/SEGGER_RTT.o
 *fill*         0x00000000080072df        0x1 
 .rodata        0x00000000080072e0        0x8 ThirdParty/SEGGER/SEGGER/SEGGER_SYSVIEW.o
 *(.rodata*)
 .rodata.AHBPrescTable
                0x00000000080072e8       0x10 Core/Src/system_stm32f4xx.o
                0x00000000080072e8                AHBPrescTable
 .rodata.APBPrescTable
                0x00000000080072f8        0x8 Core/Src/system_stm32f4xx.o
                0x00000000080072f8                APBPrescTable
 .rodata.SYSVIEW_X_OS_TraceAPI
                0x0000000008007300        0x8 ThirdParty/SEGGER/OS/SEGGER_SYSVIEW_FreeRTOS.o
                0x0000000008007300                SYSVIEW_X_OS_TraceAPI
 .rodata._abSync
                0x0000000008007308        0xa ThirdParty/SEGGER/SEGGER/SEGGER_SYSVIEW.o
 .rodata._svfprintf_r.str1.1
                0x0000000008007312       0x11 /home/hari/.eclipse/com.st.stm32cube.ide.mcu.rcp.product_1.5.1_1935173079_linux_gtk_x86_64/plugins/com.st.stm32cube.ide.mcu.externaltools.gnu-tools-for-stm32.9-2020-q2-update.linux64_1.5.0.202011040924/tools/bin/../lib/gcc/arm-none-eabi/9.3.1/../../../../arm-none-eabi/lib/thumb/v7e-m+fp/hard/libc_nano.a(lib_a-nano-svfprintf.o)
 .rodata._printf_i.str1.1
                0x0000000008007323       0x22 /home/hari/.eclipse/com.st.stm32cube.ide.mcu.rcp.product_1.5.1_1935173079_linux_gtk_x86_64/plugins/com.st.stm32cube.ide.mcu.externaltools.gnu-tools-for-stm32.9-2020-q2-update.linux64_1.5.0.202011040924/tools/bin/../lib/gcc/arm-none-eabi/9.3.1/../../../../arm-none-eabi/lib/thumb/v7e-m+fp/hard/libc_nano.a(lib_a-nano-vfprintf_i.o)
                0x0000000008007348                . = ALIGN (0x4)
 *fill*         0x0000000008007345        0x3 

.ARM.extab      0x0000000008007348        0x0
                0x0000000008007348                . = ALIGN (0x4)
 *(.ARM.extab* .gnu.linkonce.armextab.*)
                0x0000000008007348                . = ALIGN (0x4)

.ARM            0x0000000008007348        0x8
                0x0000000008007348                . = ALIGN (0x4)
                0x0000000008007348                __exidx_start = .
 *(.ARM.exidx*)
 .ARM.exidx     0x0000000008007348        0x8 /home/hari/.eclipse/com.st.stm32cube.ide.mcu.rcp.product_1.5.1_1935173079_linux_gtk_x86_64/plugins/com.st.stm32cube.ide.mcu.externaltools.gnu-tools-for-stm32.9-2020-q2-update.linux64_1.5.0.202011040924/tools/bin/../lib/gcc/arm-none-eabi/9.3.1/thumb/v7e-m+fp/hard/libgcc.a(_udivmoddi4.o)
                0x0000000008007350                __exidx_end = .
                0x0000000008007350                . = ALIGN (0x4)

.rel.dyn        0x0000000008007350        0x0
 .rel.iplt      0x0000000008007350        0x0 /home/hari/.eclipse/com.st.stm32cube.ide.mcu.rcp.product_1.5.1_1935173079_linux_gtk_x86_64/plugins/com.st.stm32cube.ide.mcu.externaltools.gnu-tools-for-stm32.9-2020-q2-update.linux64_1.5.0.202011040924/tools/bin/../lib/gcc/arm-none-eabi/9.3.1/thumb/v7e-m+fp/hard/crtbegin.o

.preinit_array  0x0000000008007350        0x0
                0x0000000008007350                . = ALIGN (0x4)
                0x0000000008007350                PROVIDE (__preinit_array_start = .)
 *(.preinit_array*)
                0x0000000008007350                PROVIDE (__preinit_array_end = .)
                0x0000000008007350                . = ALIGN (0x4)

.init_array     0x0000000008007350        0x4
                0x0000000008007350                . = ALIGN (0x4)
                0x0000000008007350                PROVIDE (__init_array_start = .)
 *(SORT_BY_NAME(.init_array.*))
 *(.init_array*)
 .init_array    0x0000000008007350        0x4 /home/hari/.eclipse/com.st.stm32cube.ide.mcu.rcp.product_1.5.1_1935173079_linux_gtk_x86_64/plugins/com.st.stm32cube.ide.mcu.externaltools.gnu-tools-for-stm32.9-2020-q2-update.linux64_1.5.0.202011040924/tools/bin/../lib/gcc/arm-none-eabi/9.3.1/thumb/v7e-m+fp/hard/crtbegin.o
                0x0000000008007354                PROVIDE (__init_array_end = .)
                0x0000000008007354                . = ALIGN (0x4)

.fini_array     0x0000000008007354        0x4
                0x0000000008007354                . = ALIGN (0x4)
                [!provide]                        PROVIDE (__fini_array_start = .)
 *(SORT_BY_NAME(.fini_array.*))
 *(.fini_array*)
 .fini_array    0x0000000008007354        0x4 /home/hari/.eclipse/com.st.stm32cube.ide.mcu.rcp.product_1.5.1_1935173079_linux_gtk_x86_64/plugins/com.st.stm32cube.ide.mcu.externaltools.gnu-tools-for-stm32.9-2020-q2-update.linux64_1.5.0.202011040924/tools/bin/../lib/gcc/arm-none-eabi/9.3.1/thumb/v7e-m+fp/hard/crtbegin.o
                [!provide]                        PROVIDE (__fini_array_end = .)
                0x0000000008007358                . = ALIGN (0x4)
                0x0000000008007358                _sidata = LOADADDR (.data)

.data           0x0000000020000000       0x78 load address 0x0000000008007358
                0x0000000020000000                . = ALIGN (0x4)
                0x0000000020000000                _sdata = .
 *(.data)
 *(.data*)
 .data.SystemCoreClock
                0x0000000020000000        0x4 Core/Src/system_stm32f4xx.o
                0x0000000020000000                SystemCoreClock
 .data.uwTickPrio
                0x0000000020000004        0x4 Drivers/STM32F4xx_HAL_Driver/Src/stm32f4xx_hal.o
                0x0000000020000004                uwTickPrio
 .data.uwTickFreq
                0x0000000020000008        0x1 Drivers/STM32F4xx_HAL_Driver/Src/stm32f4xx_hal.o
                0x0000000020000008                uwTickFreq
 *fill*         0x0000000020000009        0x3 
 .data.uxTopUsedPriority
                0x000000002000000c        0x4 ThirdParty/FreeRTOS/tasks.o
                0x000000002000000c                uxTopUsedPriority
 .data.uxCriticalNesting
                0x0000000020000010        0x4 ThirdParty/FreeRTOS/portable/GCC/ARM_CM4F/port.o
 .data._impure_ptr
                0x0000000020000014        0x4 /home/hari/.eclipse/com.st.stm32cube.ide.mcu.rcp.product_1.5.1_1935173079_linux_gtk_x86_64/plugins/com.st.stm32cube.ide.mcu.externaltools.gnu-tools-for-stm32.9-2020-q2-update.linux64_1.5.0.202011040924/tools/bin/../lib/gcc/arm-none-eabi/9.3.1/../../../../arm-none-eabi/lib/thumb/v7e-m+fp/hard/libc_nano.a(lib_a-impure.o)
                0x0000000020000014                _impure_ptr
 .data.impure_data
                0x0000000020000018       0x60 /home/hari/.eclipse/com.st.stm32cube.ide.mcu.rcp.product_1.5.1_1935173079_linux_gtk_x86_64/plugins/com.st.stm32cube.ide.mcu.externaltools.gnu-tools-for-stm32.9-2020-q2-update.linux64_1.5.0.202011040924/tools/bin/../lib/gcc/arm-none-eabi/9.3.1/../../../../arm-none-eabi/lib/thumb/v7e-m+fp/hard/libc_nano.a(lib_a-impure.o)
 *(.RamFunc)
 *(.RamFunc*)
                0x0000000020000078                . = ALIGN (0x4)
                0x0000000020000078                _edata = .

.igot.plt       0x0000000020000078        0x0 load address 0x00000000080073d0
 .igot.plt      0x0000000020000078        0x0 /home/hari/.eclipse/com.st.stm32cube.ide.mcu.rcp.product_1.5.1_1935173079_linux_gtk_x86_64/plugins/com.st.stm32cube.ide.mcu.externaltools.gnu-tools-for-stm32.9-2020-q2-update.linux64_1.5.0.202011040924/tools/bin/../lib/gcc/arm-none-eabi/9.3.1/thumb/v7e-m+fp/hard/crtbegin.o
                0x0000000020000078                . = ALIGN (0x4)

.bss            0x0000000020000078    0x174f0 load address 0x00000000080073d0
                0x0000000020000078                _sbss = .
                0x0000000020000078                __bss_start__ = _sbss
 *(.bss)
 .bss           0x0000000020000078       0x1c /home/hari/.eclipse/com.st.stm32cube.ide.mcu.rcp.product_1.5.1_1935173079_linux_gtk_x86_64/plugins/com.st.stm32cube.ide.mcu.externaltools.gnu-tools-for-stm32.9-2020-q2-update.linux64_1.5.0.202011040924/tools/bin/../lib/gcc/arm-none-eabi/9.3.1/thumb/v7e-m+fp/hard/crtbegin.o
 *(.bss*)
 .bss.xTaskHandle1
                0x0000000020000094        0x4 Core/Src/main.o
                0x0000000020000094                xTaskHandle1
 .bss.xTaskHandle2
                0x0000000020000098        0x4 Core/Src/main.o
                0x0000000020000098                xTaskHandle2
 .bss.pxCurrentTCB
                0x000000002000009c        0x4 ThirdParty/FreeRTOS/tasks.o
                0x000000002000009c                pxCurrentTCB
 .bss.pxReadyTasksLists
                0x00000000200000a0       0x64 ThirdParty/FreeRTOS/tasks.o
 .bss.xDelayedTaskList1
                0x0000000020000104       0x14 ThirdParty/FreeRTOS/tasks.o
 .bss.xDelayedTaskList2
                0x0000000020000118       0x14 ThirdParty/FreeRTOS/tasks.o
 .bss.pxDelayedTaskList
                0x000000002000012c        0x4 ThirdParty/FreeRTOS/tasks.o
 .bss.pxOverflowDelayedTaskList
                0x0000000020000130        0x4 ThirdParty/FreeRTOS/tasks.o
 .bss.xPendingReadyList
                0x0000000020000134       0x14 ThirdParty/FreeRTOS/tasks.o
 .bss.xTasksWaitingTermination
                0x0000000020000148       0x14 ThirdParty/FreeRTOS/tasks.o
 .bss.uxDeletedTasksWaitingCleanUp
                0x000000002000015c        0x4 ThirdParty/FreeRTOS/tasks.o
 .bss.xSuspendedTaskList
                0x0000000020000160       0x14 ThirdParty/FreeRTOS/tasks.o
 .bss.uxCurrentNumberOfTasks
                0x0000000020000174        0x4 ThirdParty/FreeRTOS/tasks.o
 .bss.xTickCount
                0x0000000020000178        0x4 ThirdParty/FreeRTOS/tasks.o
 .bss.uxTopReadyPriority
                0x000000002000017c        0x4 ThirdParty/FreeRTOS/tasks.o
 .bss.xSchedulerRunning
                0x0000000020000180        0x4 ThirdParty/FreeRTOS/tasks.o
 .bss.xPendedTicks
                0x0000000020000184        0x4 ThirdParty/FreeRTOS/tasks.o
 .bss.xYieldPending
                0x0000000020000188        0x4 ThirdParty/FreeRTOS/tasks.o
 .bss.xNumOfOverflows
                0x000000002000018c        0x4 ThirdParty/FreeRTOS/tasks.o
 .bss.uxTaskNumber
                0x0000000020000190        0x4 ThirdParty/FreeRTOS/tasks.o
 .bss.xNextTaskUnblockTime
                0x0000000020000194        0x4 ThirdParty/FreeRTOS/tasks.o
 .bss.xIdleTaskHandle
                0x0000000020000198        0x4 ThirdParty/FreeRTOS/tasks.o
 .bss.uxSchedulerSuspended
                0x000000002000019c        0x4 ThirdParty/FreeRTOS/tasks.o
 .bss.xActiveTimerList1
                0x00000000200001a0       0x14 ThirdParty/FreeRTOS/timers.o
 .bss.xActiveTimerList2
                0x00000000200001b4       0x14 ThirdParty/FreeRTOS/timers.o
 .bss.pxCurrentTimerList
                0x00000000200001c8        0x4 ThirdParty/FreeRTOS/timers.o
 .bss.pxOverflowTimerList
                0x00000000200001cc        0x4 ThirdParty/FreeRTOS/timers.o
 .bss.xTimerQueue
                0x00000000200001d0        0x4 ThirdParty/FreeRTOS/timers.o
 .bss.xTimerTaskHandle
                0x00000000200001d4        0x4 ThirdParty/FreeRTOS/timers.o
 .bss.xLastTime.7308
                0x00000000200001d8        0x4 ThirdParty/FreeRTOS/timers.o
 .bss.ucMaxSysCallPriority
                0x00000000200001dc        0x1 ThirdParty/FreeRTOS/portable/GCC/ARM_CM4F/port.o
 *fill*         0x00000000200001dd        0x3 
 .bss.ulMaxPRIGROUPValue
                0x00000000200001e0        0x4 ThirdParty/FreeRTOS/portable/GCC/ARM_CM4F/port.o
 .bss.ucHeap    0x00000000200001e4    0x12c00 ThirdParty/FreeRTOS/portable/MemMang/heap_4.o
 .bss.xStart    0x0000000020012de4        0x8 ThirdParty/FreeRTOS/portable/MemMang/heap_4.o
 .bss.pxEnd     0x0000000020012dec        0x4 ThirdParty/FreeRTOS/portable/MemMang/heap_4.o
 .bss.xFreeBytesRemaining
                0x0000000020012df0        0x4 ThirdParty/FreeRTOS/portable/MemMang/heap_4.o
 .bss.xMinimumEverFreeBytesRemaining
                0x0000000020012df4        0x4 ThirdParty/FreeRTOS/portable/MemMang/heap_4.o
 .bss.xNumberOfSuccessfulAllocations
                0x0000000020012df8        0x4 ThirdParty/FreeRTOS/portable/MemMang/heap_4.o
 .bss.xNumberOfSuccessfulFrees
                0x0000000020012dfc        0x4 ThirdParty/FreeRTOS/portable/MemMang/heap_4.o
 .bss.xBlockAllocatedBit
                0x0000000020012e00        0x4 ThirdParty/FreeRTOS/portable/MemMang/heap_4.o
 .bss._aTasks   0x0000000020012e04       0xa0 ThirdParty/SEGGER/OS/SEGGER_SYSVIEW_FreeRTOS.o
 .bss._NumTasks
                0x0000000020012ea4        0x4 ThirdParty/SEGGER/OS/SEGGER_SYSVIEW_FreeRTOS.o
 .bss._acUpBuffer
                0x0000000020012ea8      0x400 ThirdParty/SEGGER/SEGGER/SEGGER_RTT.o
 .bss._acDownBuffer
                0x00000000200132a8       0x10 ThirdParty/SEGGER/SEGGER/SEGGER_RTT.o
 .bss._UpBuffer
                0x00000000200132b8     0x4000 ThirdParty/SEGGER/SEGGER/SEGGER_SYSVIEW.o
 .bss._DownBuffer
                0x00000000200172b8        0x8 ThirdParty/SEGGER/SEGGER/SEGGER_SYSVIEW.o
 .bss._SYSVIEW_Globals
                0x00000000200172c0       0x28 ThirdParty/SEGGER/SEGGER/SEGGER_SYSVIEW.o
 .bss._pFirstModule
                0x00000000200172e8        0x4 ThirdParty/SEGGER/SEGGER/SEGGER_SYSVIEW.o
 .bss._NumModules
                0x00000000200172ec        0x1 ThirdParty/SEGGER/SEGGER/SEGGER_SYSVIEW.o
 *fill*         0x00000000200172ed        0x3 
 .bss._aPacket  0x00000000200172f0       0xe3 ThirdParty/SEGGER/SEGGER/SEGGER_SYSVIEW.o
 *fill*         0x00000000200173d3        0x1 
 .bss.__malloc_free_list
                0x00000000200173d4        0x4 /home/hari/.eclipse/com.st.stm32cube.ide.mcu.rcp.product_1.5.1_1935173079_linux_gtk_x86_64/plugins/com.st.stm32cube.ide.mcu.externaltools.gnu-tools-for-stm32.9-2020-q2-update.linux64_1.5.0.202011040924/tools/bin/../lib/gcc/arm-none-eabi/9.3.1/../../../../arm-none-eabi/lib/thumb/v7e-m+fp/hard/libc_nano.a(lib_a-nano-mallocr.o)
                0x00000000200173d4                __malloc_free_list
 .bss.__malloc_sbrk_start
                0x00000000200173d8        0x4 /home/hari/.eclipse/com.st.stm32cube.ide.mcu.rcp.product_1.5.1_1935173079_linux_gtk_x86_64/plugins/com.st.stm32cube.ide.mcu.externaltools.gnu-tools-for-stm32.9-2020-q2-update.linux64_1.5.0.202011040924/tools/bin/../lib/gcc/arm-none-eabi/9.3.1/../../../../arm-none-eabi/lib/thumb/v7e-m+fp/hard/libc_nano.a(lib_a-nano-mallocr.o)
                0x00000000200173d8                __malloc_sbrk_start
 .bss.heap_end.5507
                0x00000000200173dc        0x4 /home/hari/.eclipse/com.st.stm32cube.ide.mcu.rcp.product_1.5.1_1935173079_linux_gtk_x86_64/plugins/com.st.stm32cube.ide.mcu.externaltools.gnu-tools-for-stm32.9-2020-q2-update.linux64_1.5.0.202011040924/tools/bin/../lib/gcc/arm-none-eabi/9.3.1/../../../../arm-none-eabi/lib/thumb/v7e-m+fp/hard/libnosys.a(sbrk.o)
 *(COMMON)
 COMMON         0x00000000200173e0       0x44 Core/Src/main.o
                0x00000000200173e0                huart2
 COMMON         0x0000000020017424       0x48 Core/Src/stm32f4xx_hal_timebase_tim.o
                0x0000000020017424                htim10
 COMMON         0x000000002001746c        0x4 Drivers/STM32F4xx_HAL_Driver/Src/stm32f4xx_hal.o
                0x000000002001746c                uwTick
 COMMON         0x0000000020017470       0x40 ThirdParty/FreeRTOS/queue.o
                0x0000000020017470                xQueueRegistry
 COMMON         0x00000000200174b0       0xa8 ThirdParty/SEGGER/SEGGER/SEGGER_RTT.o
                0x00000000200174b0                _SEGGER_RTT
 COMMON         0x0000000020017558        0x4 /home/hari/.eclipse/com.st.stm32cube.ide.mcu.rcp.product_1.5.1_1935173079_linux_gtk_x86_64/plugins/com.st.stm32cube.ide.mcu.externaltools.gnu-tools-for-stm32.9-2020-q2-update.linux64_1.5.0.202011040924/tools/bin/../lib/gcc/arm-none-eabi/9.3.1/../../../../arm-none-eabi/lib/thumb/v7e-m+fp/hard/libc_nano.a(lib_a-reent.o)
                0x0000000020017558                errno
 COMMON         0x000000002001755c        0x9 /home/hari/.eclipse/com.st.stm32cube.ide.mcu.rcp.product_1.5.1_1935173079_linux_gtk_x86_64/plugins/com.st.stm32cube.ide.mcu.externaltools.gnu-tools-for-stm32.9-2020-q2-update.linux64_1.5.0.202011040924/tools/bin/../lib/gcc/arm-none-eabi/9.3.1/../../../../arm-none-eabi/lib/thumb/v7e-m+fp/hard/libc_nano.a(lib_a-lock.o)
                0x000000002001755c                __lock___atexit_recursive_mutex
                0x000000002001755d                __lock___arc4random_mutex
                0x000000002001755e                __lock___env_recursive_mutex
                0x000000002001755f                __lock___sinit_recursive_mutex
                0x0000000020017560                __lock___malloc_recursive_mutex
                0x0000000020017561                __lock___at_quick_exit_mutex
                0x0000000020017562                __lock___dd_hash_mutex
                0x0000000020017563                __lock___tz_mutex
                0x0000000020017564                __lock___sfp_recursive_mutex
                0x0000000020017568                . = ALIGN (0x4)
 *fill*         0x0000000020017565        0x3 
                0x0000000020017568                _ebss = .
                0x0000000020017568                __bss_end__ = _ebss

._user_heap_stack
                0x0000000020017568      0x600 load address 0x00000000080073d0
                0x0000000020017568                . = ALIGN (0x8)
                0x0000000020017568                PROVIDE (end = .)
                [!provide]                        PROVIDE (_end = .)
                0x0000000020017768                . = (. + _Min_Heap_Size)
 *fill*         0x0000000020017568      0x200 
                0x0000000020017b68                . = (. + _Min_Stack_Size)
 *fill*         0x0000000020017768      0x400 
                0x0000000020017b68                . = ALIGN (0x8)

/DISCARD/
 libc.a(*)
 libm.a(*)
 libgcc.a(*)

.ARM.attributes
                0x0000000000000000       0x30
 *(.ARM.attributes)
 .ARM.attributes
                0x0000000000000000       0x1e /home/hari/.eclipse/com.st.stm32cube.ide.mcu.rcp.product_1.5.1_1935173079_linux_gtk_x86_64/plugins/com.st.stm32cube.ide.mcu.externaltools.gnu-tools-for-stm32.9-2020-q2-update.linux64_1.5.0.202011040924/tools/bin/../lib/gcc/arm-none-eabi/9.3.1/thumb/v7e-m+fp/hard/crti.o
 .ARM.attributes
                0x000000000000001e       0x34 /home/hari/.eclipse/com.st.stm32cube.ide.mcu.rcp.product_1.5.1_1935173079_linux_gtk_x86_64/plugins/com.st.stm32cube.ide.mcu.externaltools.gnu-tools-for-stm32.9-2020-q2-update.linux64_1.5.0.202011040924/tools/bin/../lib/gcc/arm-none-eabi/9.3.1/thumb/v7e-m+fp/hard/crtbegin.o
 .ARM.attributes
                0x0000000000000052       0x34 Core/Src/main.o
 .ARM.attributes
                0x0000000000000086       0x34 Core/Src/stm32f4xx_hal_msp.o
 .ARM.attributes
                0x00000000000000ba       0x34 Core/Src/stm32f4xx_hal_timebase_tim.o
 .ARM.attributes
                0x00000000000000ee       0x34 Core/Src/stm32f4xx_it.o
 .ARM.attributes
                0x0000000000000122       0x34 Core/Src/system_stm32f4xx.o
 .ARM.attributes
                0x0000000000000156       0x21 Core/Startup/startup_stm32f411ceux.o
 .ARM.attributes
                0x0000000000000177       0x34 Drivers/STM32F4xx_HAL_Driver/Src/stm32f4xx_hal.o
 .ARM.attributes
                0x00000000000001ab       0x34 Drivers/STM32F4xx_HAL_Driver/Src/stm32f4xx_hal_cortex.o
 .ARM.attributes
                0x00000000000001df       0x34 Drivers/STM32F4xx_HAL_Driver/Src/stm32f4xx_hal_gpio.o
 .ARM.attributes
                0x0000000000000213       0x34 Drivers/STM32F4xx_HAL_Driver/Src/stm32f4xx_hal_rcc.o
 .ARM.attributes
                0x0000000000000247       0x34 Drivers/STM32F4xx_HAL_Driver/Src/stm32f4xx_hal_tim.o
 .ARM.attributes
                0x000000000000027b       0x34 Drivers/STM32F4xx_HAL_Driver/Src/stm32f4xx_hal_tim_ex.o
 .ARM.attributes
                0x00000000000002af       0x34 Drivers/STM32F4xx_HAL_Driver/Src/stm32f4xx_hal_uart.o
 .ARM.attributes
                0x00000000000002e3       0x34 ThirdParty/FreeRTOS/list.o
 .ARM.attributes
                0x0000000000000317       0x34 ThirdParty/FreeRTOS/queue.o
 .ARM.attributes
                0x000000000000034b       0x34 ThirdParty/FreeRTOS/tasks.o
 .ARM.attributes
                0x000000000000037f       0x34 ThirdParty/FreeRTOS/timers.o
 .ARM.attributes
                0x00000000000003b3       0x34 ThirdParty/FreeRTOS/portable/GCC/ARM_CM4F/port.o
 .ARM.attributes
                0x00000000000003e7       0x34 ThirdParty/FreeRTOS/portable/MemMang/heap_4.o
 .ARM.attributes
                0x000000000000041b       0x34 ThirdParty/SEGGER/Config/SEGGER_SYSVIEW_Config_FreeRTOS.o
 .ARM.attributes
                0x000000000000044f       0x34 ThirdParty/SEGGER/OS/SEGGER_SYSVIEW_FreeRTOS.o
 .ARM.attributes
                0x0000000000000483       0x34 ThirdParty/SEGGER/SEGGER/SEGGER_RTT.o
 .ARM.attributes
                0x00000000000004b7       0x20 ThirdParty/SEGGER/SEGGER/SEGGER_RTT_ASM_ARMv7M.o
 .ARM.attributes
                0x00000000000004d7       0x34 ThirdParty/SEGGER/SEGGER/SEGGER_SYSVIEW.o
 .ARM.attributes
                0x000000000000050b       0x32 /home/hari/.eclipse/com.st.stm32cube.ide.mcu.rcp.product_1.5.1_1935173079_linux_gtk_x86_64/plugins/com.st.stm32cube.ide.mcu.externaltools.gnu-tools-for-stm32.9-2020-q2-update.linux64_1.5.0.202011040924/tools/bin/../lib/gcc/arm-none-eabi/9.3.1/../../../../arm-none-eabi/lib/thumb/v7e-m+fp/hard/libc_nano.a(lib_a-impure.o)
 .ARM.attributes
                0x000000000000053d       0x34 /home/hari/.eclipse/com.st.stm32cube.ide.mcu.rcp.product_1.5.1_1935173079_linux_gtk_x86_64/plugins/com.st.stm32cube.ide.mcu.externaltools.gnu-tools-for-stm32.9-2020-q2-update.linux64_1.5.0.202011040924/tools/bin/../lib/gcc/arm-none-eabi/9.3.1/../../../../arm-none-eabi/lib/thumb/v7e-m+fp/hard/libc_nano.a(lib_a-init.o)
 .ARM.attributes
                0x0000000000000571       0x34 /home/hari/.eclipse/com.st.stm32cube.ide.mcu.rcp.product_1.5.1_1935173079_linux_gtk_x86_64/plugins/com.st.stm32cube.ide.mcu.externaltools.gnu-tools-for-stm32.9-2020-q2-update.linux64_1.5.0.202011040924/tools/bin/../lib/gcc/arm-none-eabi/9.3.1/../../../../arm-none-eabi/lib/thumb/v7e-m+fp/hard/libc_nano.a(lib_a-memcmp.o)
 .ARM.attributes
                0x00000000000005a5       0x34 /home/hari/.eclipse/com.st.stm32cube.ide.mcu.rcp.product_1.5.1_1935173079_linux_gtk_x86_64/plugins/com.st.stm32cube.ide.mcu.externaltools.gnu-tools-for-stm32.9-2020-q2-update.linux64_1.5.0.202011040924/tools/bin/../lib/gcc/arm-none-eabi/9.3.1/../../../../arm-none-eabi/lib/thumb/v7e-m+fp/hard/libc_nano.a(lib_a-memcpy-stub.o)
 .ARM.attributes
                0x00000000000005d9       0x34 /home/hari/.eclipse/com.st.stm32cube.ide.mcu.rcp.product_1.5.1_1935173079_linux_gtk_x86_64/plugins/com.st.stm32cube.ide.mcu.externaltools.gnu-tools-for-stm32.9-2020-q2-update.linux64_1.5.0.202011040924/tools/bin/../lib/gcc/arm-none-eabi/9.3.1/../../../../arm-none-eabi/lib/thumb/v7e-m+fp/hard/libc_nano.a(lib_a-memset.o)
 .ARM.attributes
                0x000000000000060d       0x17 /home/hari/.eclipse/com.st.stm32cube.ide.mcu.rcp.product_1.5.1_1935173079_linux_gtk_x86_64/plugins/com.st.stm32cube.ide.mcu.externaltools.gnu-tools-for-stm32.9-2020-q2-update.linux64_1.5.0.202011040924/tools/bin/../lib/gcc/arm-none-eabi/9.3.1/../../../../arm-none-eabi/lib/thumb/v7e-m+fp/hard/libc_nano.a(lib_a-strlen.o)
 .ARM.attributes
                0x0000000000000624       0x34 /home/hari/.eclipse/com.st.stm32cube.ide.mcu.rcp.product_1.5.1_1935173079_linux_gtk_x86_64/plugins/com.st.stm32cube.ide.mcu.externaltools.gnu-tools-for-stm32.9-2020-q2-update.linux64_1.5.0.202011040924/tools/bin/../lib/gcc/arm-none-eabi/9.3.1/../../../../arm-none-eabi/lib/thumb/v7e-m+fp/hard/libc_nano.a(lib_a-vsprintf.o)
 .ARM.attributes
                0x0000000000000658       0x34 /home/hari/.eclipse/com.st.stm32cube.ide.mcu.rcp.product_1.5.1_1935173079_linux_gtk_x86_64/plugins/com.st.stm32cube.ide.mcu.externaltools.gnu-tools-for-stm32.9-2020-q2-update.linux64_1.5.0.202011040924/tools/bin/../lib/gcc/arm-none-eabi/9.3.1/../../../../arm-none-eabi/lib/thumb/v7e-m+fp/hard/libc_nano.a(lib_a-nano-svfprintf.o)
 .ARM.attributes
                0x000000000000068c       0x34 /home/hari/.eclipse/com.st.stm32cube.ide.mcu.rcp.product_1.5.1_1935173079_linux_gtk_x86_64/plugins/com.st.stm32cube.ide.mcu.externaltools.gnu-tools-for-stm32.9-2020-q2-update.linux64_1.5.0.202011040924/tools/bin/../lib/gcc/arm-none-eabi/9.3.1/../../../../arm-none-eabi/lib/thumb/v7e-m+fp/hard/libc_nano.a(lib_a-nano-vfprintf_i.o)
 .ARM.attributes
                0x00000000000006c0       0x1c /home/hari/.eclipse/com.st.stm32cube.ide.mcu.rcp.product_1.5.1_1935173079_linux_gtk_x86_64/plugins/com.st.stm32cube.ide.mcu.externaltools.gnu-tools-for-stm32.9-2020-q2-update.linux64_1.5.0.202011040924/tools/bin/../lib/gcc/arm-none-eabi/9.3.1/../../../../arm-none-eabi/lib/thumb/v7e-m+fp/hard/libc_nano.a(lib_a-memchr.o)
 .ARM.attributes
                0x00000000000006dc       0x34 /home/hari/.eclipse/com.st.stm32cube.ide.mcu.rcp.product_1.5.1_1935173079_linux_gtk_x86_64/plugins/com.st.stm32cube.ide.mcu.externaltools.gnu-tools-for-stm32.9-2020-q2-update.linux64_1.5.0.202011040924/tools/bin/../lib/gcc/arm-none-eabi/9.3.1/../../../../arm-none-eabi/lib/thumb/v7e-m+fp/hard/libc_nano.a(lib_a-memmove.o)
 .ARM.attributes
                0x0000000000000710       0x34 /home/hari/.eclipse/com.st.stm32cube.ide.mcu.rcp.product_1.5.1_1935173079_linux_gtk_x86_64/plugins/com.st.stm32cube.ide.mcu.externaltools.gnu-tools-for-stm32.9-2020-q2-update.linux64_1.5.0.202011040924/tools/bin/../lib/gcc/arm-none-eabi/9.3.1/../../../../arm-none-eabi/lib/thumb/v7e-m+fp/hard/libc_nano.a(lib_a-nano-freer.o)
 .ARM.attributes
                0x0000000000000744       0x34 /home/hari/.eclipse/com.st.stm32cube.ide.mcu.rcp.product_1.5.1_1935173079_linux_gtk_x86_64/plugins/com.st.stm32cube.ide.mcu.externaltools.gnu-tools-for-stm32.9-2020-q2-update.linux64_1.5.0.202011040924/tools/bin/../lib/gcc/arm-none-eabi/9.3.1/../../../../arm-none-eabi/lib/thumb/v7e-m+fp/hard/libc_nano.a(lib_a-nano-mallocr.o)
 .ARM.attributes
                0x0000000000000778       0x34 /home/hari/.eclipse/com.st.stm32cube.ide.mcu.rcp.product_1.5.1_1935173079_linux_gtk_x86_64/plugins/com.st.stm32cube.ide.mcu.externaltools.gnu-tools-for-stm32.9-2020-q2-update.linux64_1.5.0.202011040924/tools/bin/../lib/gcc/arm-none-eabi/9.3.1/../../../../arm-none-eabi/lib/thumb/v7e-m+fp/hard/libc_nano.a(lib_a-nano-reallocr.o)
 .ARM.attributes
                0x00000000000007ac       0x34 /home/hari/.eclipse/com.st.stm32cube.ide.mcu.rcp.product_1.5.1_1935173079_linux_gtk_x86_64/plugins/com.st.stm32cube.ide.mcu.externaltools.gnu-tools-for-stm32.9-2020-q2-update.linux64_1.5.0.202011040924/tools/bin/../lib/gcc/arm-none-eabi/9.3.1/../../../../arm-none-eabi/lib/thumb/v7e-m+fp/hard/libc_nano.a(lib_a-sbrkr.o)
 .ARM.attributes
                0x00000000000007e0       0x34 /home/hari/.eclipse/com.st.stm32cube.ide.mcu.rcp.product_1.5.1_1935173079_linux_gtk_x86_64/plugins/com.st.stm32cube.ide.mcu.externaltools.gnu-tools-for-stm32.9-2020-q2-update.linux64_1.5.0.202011040924/tools/bin/../lib/gcc/arm-none-eabi/9.3.1/../../../../arm-none-eabi/lib/thumb/v7e-m+fp/hard/libc_nano.a(lib_a-mlock.o)
 .ARM.attributes
                0x0000000000000814       0x34 /home/hari/.eclipse/com.st.stm32cube.ide.mcu.rcp.product_1.5.1_1935173079_linux_gtk_x86_64/plugins/com.st.stm32cube.ide.mcu.externaltools.gnu-tools-for-stm32.9-2020-q2-update.linux64_1.5.0.202011040924/tools/bin/../lib/gcc/arm-none-eabi/9.3.1/../../../../arm-none-eabi/lib/thumb/v7e-m+fp/hard/libc_nano.a(lib_a-nano-msizer.o)
 .ARM.attributes
                0x0000000000000848       0x34 /home/hari/.eclipse/com.st.stm32cube.ide.mcu.rcp.product_1.5.1_1935173079_linux_gtk_x86_64/plugins/com.st.stm32cube.ide.mcu.externaltools.gnu-tools-for-stm32.9-2020-q2-update.linux64_1.5.0.202011040924/tools/bin/../lib/gcc/arm-none-eabi/9.3.1/../../../../arm-none-eabi/lib/thumb/v7e-m+fp/hard/libc_nano.a(lib_a-reent.o)
 .ARM.attributes
                0x000000000000087c       0x34 /home/hari/.eclipse/com.st.stm32cube.ide.mcu.rcp.product_1.5.1_1935173079_linux_gtk_x86_64/plugins/com.st.stm32cube.ide.mcu.externaltools.gnu-tools-for-stm32.9-2020-q2-update.linux64_1.5.0.202011040924/tools/bin/../lib/gcc/arm-none-eabi/9.3.1/../../../../arm-none-eabi/lib/thumb/v7e-m+fp/hard/libc_nano.a(lib_a-lock.o)
 .ARM.attributes
                0x00000000000008b0       0x1e /home/hari/.eclipse/com.st.stm32cube.ide.mcu.rcp.product_1.5.1_1935173079_linux_gtk_x86_64/plugins/com.st.stm32cube.ide.mcu.externaltools.gnu-tools-for-stm32.9-2020-q2-update.linux64_1.5.0.202011040924/tools/bin/../lib/gcc/arm-none-eabi/9.3.1/thumb/v7e-m+fp/hard/libgcc.a(_aeabi_uldivmod.o)
 .ARM.attributes
                0x00000000000008ce       0x34 /home/hari/.eclipse/com.st.stm32cube.ide.mcu.rcp.product_1.5.1_1935173079_linux_gtk_x86_64/plugins/com.st.stm32cube.ide.mcu.externaltools.gnu-tools-for-stm32.9-2020-q2-update.linux64_1.5.0.202011040924/tools/bin/../lib/gcc/arm-none-eabi/9.3.1/thumb/v7e-m+fp/hard/libgcc.a(_udivmoddi4.o)
 .ARM.attributes
                0x0000000000000902       0x1e /home/hari/.eclipse/com.st.stm32cube.ide.mcu.rcp.product_1.5.1_1935173079_linux_gtk_x86_64/plugins/com.st.stm32cube.ide.mcu.externaltools.gnu-tools-for-stm32.9-2020-q2-update.linux64_1.5.0.202011040924/tools/bin/../lib/gcc/arm-none-eabi/9.3.1/thumb/v7e-m+fp/hard/libgcc.a(_dvmd_tls.o)
 .ARM.attributes
                0x0000000000000920       0x34 /home/hari/.eclipse/com.st.stm32cube.ide.mcu.rcp.product_1.5.1_1935173079_linux_gtk_x86_64/plugins/com.st.stm32cube.ide.mcu.externaltools.gnu-tools-for-stm32.9-2020-q2-update.linux64_1.5.0.202011040924/tools/bin/../lib/gcc/arm-none-eabi/9.3.1/../../../../arm-none-eabi/lib/thumb/v7e-m+fp/hard/libnosys.a(sbrk.o)
 .ARM.attributes
                0x0000000000000954       0x1e /home/hari/.eclipse/com.st.stm32cube.ide.mcu.rcp.product_1.5.1_1935173079_linux_gtk_x86_64/plugins/com.st.stm32cube.ide.mcu.externaltools.gnu-tools-for-stm32.9-2020-q2-update.linux64_1.5.0.202011040924/tools/bin/../lib/gcc/arm-none-eabi/9.3.1/thumb/v7e-m+fp/hard/crtn.o
OUTPUT(freertos_f411_idlehook.elf elf32-littlearm)
LOAD linker stubs
LOAD /home/hari/.eclipse/com.st.stm32cube.ide.mcu.rcp.product_1.5.1_1935173079_linux_gtk_x86_64/plugins/com.st.stm32cube.ide.mcu.externaltools.gnu-tools-for-stm32.9-2020-q2-update.linux64_1.5.0.202011040924/tools/bin/../lib/gcc/arm-none-eabi/9.3.1/../../../../arm-none-eabi/lib/thumb/v7e-m+fp/hard/libc.a
LOAD /home/hari/.eclipse/com.st.stm32cube.ide.mcu.rcp.product_1.5.1_1935173079_linux_gtk_x86_64/plugins/com.st.stm32cube.ide.mcu.externaltools.gnu-tools-for-stm32.9-2020-q2-update.linux64_1.5.0.202011040924/tools/bin/../lib/gcc/arm-none-eabi/9.3.1/../../../../arm-none-eabi/lib/thumb/v7e-m+fp/hard/libm.a
LOAD /home/hari/.eclipse/com.st.stm32cube.ide.mcu.rcp.product_1.5.1_1935173079_linux_gtk_x86_64/plugins/com.st.stm32cube.ide.mcu.externaltools.gnu-tools-for-stm32.9-2020-q2-update.linux64_1.5.0.202011040924/tools/bin/../lib/gcc/arm-none-eabi/9.3.1/thumb/v7e-m+fp/hard/libgcc.a

.debug_info     0x0000000000000000    0x1a8bf
 .debug_info    0x0000000000000000     0x1bb9 Core/Src/main.o
 .debug_info    0x0000000000001bb9      0xa3d Core/Src/stm32f4xx_hal_msp.o
 .debug_info    0x00000000000025f6      0xc00 Core/Src/stm32f4xx_hal_timebase_tim.o
 .debug_info    0x00000000000031f6      0x7c3 Core/Src/stm32f4xx_it.o
 .debug_info    0x00000000000039b9      0x5d0 Core/Src/system_stm32f4xx.o
 .debug_info    0x0000000000003f89       0x22 Core/Startup/startup_stm32f411ceux.o
 .debug_info    0x0000000000003fab      0x944 Drivers/STM32F4xx_HAL_Driver/Src/stm32f4xx_hal.o
 .debug_info    0x00000000000048ef      0xe47 Drivers/STM32F4xx_HAL_Driver/Src/stm32f4xx_hal_cortex.o
 .debug_info    0x0000000000005736      0x862 Drivers/STM32F4xx_HAL_Driver/Src/stm32f4xx_hal_gpio.o
 .debug_info    0x0000000000005f98      0x9be Drivers/STM32F4xx_HAL_Driver/Src/stm32f4xx_hal_rcc.o
 .debug_info    0x0000000000006956     0x2a88 Drivers/STM32F4xx_HAL_Driver/Src/stm32f4xx_hal_tim.o
 .debug_info    0x00000000000093de     0x151a Drivers/STM32F4xx_HAL_Driver/Src/stm32f4xx_hal_tim_ex.o
 .debug_info    0x000000000000a8f8     0x165d Drivers/STM32F4xx_HAL_Driver/Src/stm32f4xx_hal_uart.o
 .debug_info    0x000000000000bf55      0xb9a ThirdParty/FreeRTOS/list.o
 .debug_info    0x000000000000caef     0x1ffc ThirdParty/FreeRTOS/queue.o
 .debug_info    0x000000000000eaeb     0x2a1f ThirdParty/FreeRTOS/tasks.o
 .debug_info    0x000000000001150a     0x157f ThirdParty/FreeRTOS/timers.o
 .debug_info    0x0000000000012a89      0x5b1 ThirdParty/FreeRTOS/portable/GCC/ARM_CM4F/port.o
 .debug_info    0x000000000001303a      0xda4 ThirdParty/FreeRTOS/portable/MemMang/heap_4.o
 .debug_info    0x0000000000013dde      0x131 ThirdParty/SEGGER/Config/SEGGER_SYSVIEW_Config_FreeRTOS.o
 .debug_info    0x0000000000013f0f      0xc58 ThirdParty/SEGGER/OS/SEGGER_SYSVIEW_FreeRTOS.o
 .debug_info    0x0000000000014b67     0x1d4b ThirdParty/SEGGER/SEGGER/SEGGER_RTT.o
 .debug_info    0x00000000000168b2       0x26 ThirdParty/SEGGER/SEGGER/SEGGER_RTT_ASM_ARMv7M.o
 .debug_info    0x00000000000168d8     0x3fe7 ThirdParty/SEGGER/SEGGER/SEGGER_SYSVIEW.o

.debug_abbrev   0x0000000000000000     0x354a
 .debug_abbrev  0x0000000000000000      0x380 Core/Src/main.o
 .debug_abbrev  0x0000000000000380      0x1ac Core/Src/stm32f4xx_hal_msp.o
 .debug_abbrev  0x000000000000052c      0x1d0 Core/Src/stm32f4xx_hal_timebase_tim.o
 .debug_abbrev  0x00000000000006fc      0x187 Core/Src/stm32f4xx_it.o
 .debug_abbrev  0x0000000000000883      0x145 Core/Src/system_stm32f4xx.o
 .debug_abbrev  0x00000000000009c8       0x12 Core/Startup/startup_stm32f411ceux.o
 .debug_abbrev  0x00000000000009da      0x21e Drivers/STM32F4xx_HAL_Driver/Src/stm32f4xx_hal.o
 .debug_abbrev  0x0000000000000bf8      0x33c Drivers/STM32F4xx_HAL_Driver/Src/stm32f4xx_hal_cortex.o
 .debug_abbrev  0x0000000000000f34      0x1f1 Drivers/STM32F4xx_HAL_Driver/Src/stm32f4xx_hal_gpio.o
 .debug_abbrev  0x0000000000001125      0x275 Drivers/STM32F4xx_HAL_Driver/Src/stm32f4xx_hal_rcc.o
 .debug_abbrev  0x000000000000139a      0x26f Drivers/STM32F4xx_HAL_Driver/Src/stm32f4xx_hal_tim.o
 .debug_abbrev  0x0000000000001609      0x277 Drivers/STM32F4xx_HAL_Driver/Src/stm32f4xx_hal_tim_ex.o
 .debug_abbrev  0x0000000000001880      0x29c Drivers/STM32F4xx_HAL_Driver/Src/stm32f4xx_hal_uart.o
 .debug_abbrev  0x0000000000001b1c      0x1f7 ThirdParty/FreeRTOS/list.o
 .debug_abbrev  0x0000000000001d13      0x333 ThirdParty/FreeRTOS/queue.o
 .debug_abbrev  0x0000000000002046      0x3a9 ThirdParty/FreeRTOS/tasks.o
 .debug_abbrev  0x00000000000023ef      0x2fd ThirdParty/FreeRTOS/timers.o
 .debug_abbrev  0x00000000000026ec      0x231 ThirdParty/FreeRTOS/portable/GCC/ARM_CM4F/port.o
 .debug_abbrev  0x000000000000291d      0x2d3 ThirdParty/FreeRTOS/portable/MemMang/heap_4.o
 .debug_abbrev  0x0000000000002bf0       0xc1 ThirdParty/SEGGER/Config/SEGGER_SYSVIEW_Config_FreeRTOS.o
 .debug_abbrev  0x0000000000002cb1      0x219 ThirdParty/SEGGER/OS/SEGGER_SYSVIEW_FreeRTOS.o
 .debug_abbrev  0x0000000000002eca      0x2e1 ThirdParty/SEGGER/SEGGER/SEGGER_RTT.o
 .debug_abbrev  0x00000000000031ab       0x14 ThirdParty/SEGGER/SEGGER/SEGGER_RTT_ASM_ARMv7M.o
 .debug_abbrev  0x00000000000031bf      0x38b ThirdParty/SEGGER/SEGGER/SEGGER_SYSVIEW.o

.debug_aranges  0x0000000000000000     0x1508
 .debug_aranges
                0x0000000000000000       0x70 Core/Src/main.o
 .debug_aranges
                0x0000000000000070       0x30 Core/Src/stm32f4xx_hal_msp.o
 .debug_aranges
                0x00000000000000a0       0x30 Core/Src/stm32f4xx_hal_timebase_tim.o
 .debug_aranges
                0x00000000000000d0       0x50 Core/Src/stm32f4xx_it.o
 .debug_aranges
                0x0000000000000120       0x28 Core/Src/system_stm32f4xx.o
 .debug_aranges
                0x0000000000000148       0x28 Core/Startup/startup_stm32f411ceux.o
 .debug_aranges
                0x0000000000000170       0xf0 Drivers/STM32F4xx_HAL_Driver/Src/stm32f4xx_hal.o
 .debug_aranges
                0x0000000000000260      0x118 Drivers/STM32F4xx_HAL_Driver/Src/stm32f4xx_hal_cortex.o
 .debug_aranges
                0x0000000000000378       0x58 Drivers/STM32F4xx_HAL_Driver/Src/stm32f4xx_hal_gpio.o
 .debug_aranges
                0x00000000000003d0       0x88 Drivers/STM32F4xx_HAL_Driver/Src/stm32f4xx_hal_rcc.o
 .debug_aranges
                0x0000000000000458      0x3d0 Drivers/STM32F4xx_HAL_Driver/Src/stm32f4xx_hal_tim.o
 .debug_aranges
                0x0000000000000828      0x168 Drivers/STM32F4xx_HAL_Driver/Src/stm32f4xx_hal_tim_ex.o
 .debug_aranges
                0x0000000000000990      0x200 Drivers/STM32F4xx_HAL_Driver/Src/stm32f4xx_hal_uart.o
 .debug_aranges
                0x0000000000000b90       0x40 ThirdParty/FreeRTOS/list.o
 .debug_aranges
                0x0000000000000bd0      0x130 ThirdParty/FreeRTOS/queue.o
 .debug_aranges
                0x0000000000000d00      0x208 ThirdParty/FreeRTOS/tasks.o
 .debug_aranges
                0x0000000000000f08       0xd8 ThirdParty/FreeRTOS/timers.o
 .debug_aranges
                0x0000000000000fe0       0x88 ThirdParty/FreeRTOS/portable/GCC/ARM_CM4F/port.o
 .debug_aranges
                0x0000000000001068       0x58 ThirdParty/FreeRTOS/portable/MemMang/heap_4.o
 .debug_aranges
                0x00000000000010c0       0x28 ThirdParty/SEGGER/Config/SEGGER_SYSVIEW_Config_FreeRTOS.o
 .debug_aranges
                0x00000000000010e8       0x48 ThirdParty/SEGGER/OS/SEGGER_SYSVIEW_FreeRTOS.o
 .debug_aranges
                0x0000000000001130      0x138 ThirdParty/SEGGER/SEGGER/SEGGER_RTT.o
 .debug_aranges
                0x0000000000001268       0x20 ThirdParty/SEGGER/SEGGER/SEGGER_RTT_ASM_ARMv7M.o
 .debug_aranges
                0x0000000000001288      0x280 ThirdParty/SEGGER/SEGGER/SEGGER_SYSVIEW.o

.debug_ranges   0x0000000000000000     0x13b0
 .debug_ranges  0x0000000000000000       0x60 Core/Src/main.o
 .debug_ranges  0x0000000000000060       0x20 Core/Src/stm32f4xx_hal_msp.o
 .debug_ranges  0x0000000000000080       0x20 Core/Src/stm32f4xx_hal_timebase_tim.o
 .debug_ranges  0x00000000000000a0       0x40 Core/Src/stm32f4xx_it.o
 .debug_ranges  0x00000000000000e0       0x18 Core/Src/system_stm32f4xx.o
 .debug_ranges  0x00000000000000f8       0x20 Core/Startup/startup_stm32f411ceux.o
 .debug_ranges  0x0000000000000118       0xe0 Drivers/STM32F4xx_HAL_Driver/Src/stm32f4xx_hal.o
 .debug_ranges  0x00000000000001f8      0x108 Drivers/STM32F4xx_HAL_Driver/Src/stm32f4xx_hal_cortex.o
 .debug_ranges  0x0000000000000300       0x48 Drivers/STM32F4xx_HAL_Driver/Src/stm32f4xx_hal_gpio.o
 .debug_ranges  0x0000000000000348       0x78 Drivers/STM32F4xx_HAL_Driver/Src/stm32f4xx_hal_rcc.o
 .debug_ranges  0x00000000000003c0      0x3c0 Drivers/STM32F4xx_HAL_Driver/Src/stm32f4xx_hal_tim.o
 .debug_ranges  0x0000000000000780      0x158 Drivers/STM32F4xx_HAL_Driver/Src/stm32f4xx_hal_tim_ex.o
 .debug_ranges  0x00000000000008d8      0x220 Drivers/STM32F4xx_HAL_Driver/Src/stm32f4xx_hal_uart.o
 .debug_ranges  0x0000000000000af8       0x30 ThirdParty/FreeRTOS/list.o
 .debug_ranges  0x0000000000000b28      0x120 ThirdParty/FreeRTOS/queue.o
 .debug_ranges  0x0000000000000c48      0x1f8 ThirdParty/FreeRTOS/tasks.o