timers.c:221:16:xTimerCreateTimerTask	24	static,ignoring_inline_asm
timers.c:276:23:xTimerCreate	40	static
timers.c:343:17:prvInitialiseNewTimer	32	static,ignoring_inline_asm
timers.c:377:16:xTimerGenericCommand	48	static,ignoring_inline_asm
timers.c:424:18:xTimerGetTimerDaemonTaskHandle	16	static,ignoring_inline_asm
timers.c:433:16:xTimerGetPeriod	24	static,ignoring_inline_asm
timers.c:442:10:vTimerSetReloadMode	24	static,ignoring_inline_asm
timers.c:463:17:uxTimerGetReloadMode	32	static,ignoring_inline_asm
timers.c:488:16:xTimerGetExpiryTime	32	static,ignoring_inline_asm
timers.c:499:18:pcTimerGetName	24	static,ignoring_inline_asm
timers.c:508:17:prvProcessExpiredTimer	40	static,ignoring_inline_asm
timers.c:551:12:prvTimerTask	24	static
timers.c:587:17:prvProcessTimerOrBlockTask	24	static,ignoring_inline_asm
timers.c:649:23:prvGetNextExpireTime	24	static
timers.c:676:23:prvSampleTimeNow	24	static
timers.c:699:23:prvInsertTimerInActiveList	32	static
timers.c:743:17:prvProcessReceivedCommands	56	static,ignoring_inline_asm
timers.c:893:17:prvSwitchTimerLists	40	static,ignoring_inline_asm
timers.c:953:17:prvCheckForValidListAndQueue	8	static
timers.c:1004:16:xTimerIsTimerActive	32	static,ignoring_inline_asm
timers.c:1029:12:pvTimerGetTimerID	32	static,ignoring_inline_asm
timers.c:1046:10:vTimerSetTimerID	24	static,ignoring_inline_asm
timers.c:1122:21:uxTimerGetTimerNumber	16	static
timers.c:1132:14:vTimerSetTimerNumber	16	static
